MSG:1005,0,1,"MakeMKV v1.18.4 linux(x64-release) started","%1 started","MakeMKV v1.18.4 linux(x64-release)"
MSG:5042,0,0,"The program can't find any usable optical drives.","The program can't find any usable optical drives."
DRV:0,256,999,0,"","",""
DRV:1,256,999,0,"","",""
DRV:2,256,999,0,"","",""
DRV:3,256,999,0,"","",""
DRV:4,256,999,0,"","",""
DRV:5,256,999,0,"","",""
DRV:6,256,999,0,"","",""
DRV:7,256,999,0,"","",""
DRV:8,256,999,0,"","",""
DRV:9,256,999,0,"","",""
DRV:10,256,999,0,"","",""
DRV:11,256,999,0,"","",""
DRV:12,256,999,0,"","",""
DRV:13,256,999,0,"","",""
DRV:14,256,999,0,"","",""
DRV:15,256,999,0,"","",""
MSG:3006,131072,1,"Opening files on harddrive at file:///media/Disc-Rips/[BACKUP] SOYLENT GREEN - UHD - 4K","Opening files on harddrive at %1","file:///media/Disc-Rips/[BACKUP] SOYLENT GREEN - UHD - 4K"
MSG:3307,0,2,"File 00002.mpls was added as title #0","File %1 was added as title #%2","00002.mpls","0"
MSG:3307,16777216,2,"File 00012.mpls was added as title #1","File %1 was added as title #%2","00012.mpls","1"
MSG:3307,0,2,"File 00004.mpls was added as title #2","File %1 was added as title #%2","00004.mpls","2"
MSG:3307,0,2,"File 00000.mpls was added as title #3","File %1 was added as title #%2","00000.mpls","3"
MSG:3307,0,2,"File 00010.mpls was added as title #4","File %1 was added as title #%2","00010.mpls","4"
MSG:3307,16777216,2,"File 00011.mpls was added as title #5","File %1 was added as title #%2","00011.mpls","5"
MSG:3307,0,2,"File 00009.mpls was added as title #6","File %1 was added as title #%2","00009.mpls","6"
MSG:3307,16777216,2,"File 00005.mpls was added as title #7","File %1 was added as title #%2","00005.mpls","7"
MSG:3307,16777216,2,"File 00001.mpls was added as title #8","File %1 was added as title #%2","00001.mpls","8"
MSG:3307,16777216,2,"File 00007.m2ts was added as title #9","File %1 was added as title #%2","00007.m2ts","9"
MSG:3307,0,2,"File 00426.m2ts was added as title #10","File %1 was added as title #%2","00426.m2ts","10"
MSG:3307,16777216,2,"File 00002.m2ts was added as title #11","File %1 was added as title #%2","00002.m2ts","11"
MSG:3307,16777216,2,"File 00008.m2ts was added as title #12","File %1 was added as title #%2","00008.m2ts","12"
MSG:3307,16777216,2,"File 00011.m2ts was added as title #13","File %1 was added as title #%2","00011.m2ts","13"
MSG:3307,0,2,"File 00009.m2ts was added as title #14","File %1 was added as title #%2","00009.m2ts","14"
MSG:3307,16777216,2,"File 00005.m2ts was added as title #15","File %1 was added as title #%2","00005.m2ts","15"
MSG:3307,0,2,"File 00425.m2ts was added as title #16","File %1 was added as title #%2","00425.m2ts","16"
MSG:3307,0,2,"File 00001.m2ts was added as title #17","File %1 was added as title #%2","00001.m2ts","17"
MSG:5011,0,0,"Operation successfully completed","Operation successfully completed"
TCOUNT:18
CINFO:1,6209,"Blu-ray disc"
CINFO:2,0,"SOYLENT GREEN - UHD"
CINFO:28,0,"eng"
CINFO:29,0,"English"
CINFO:30,0,"SOYLENT GREEN - UHD"
CINFO:31,6119,"<b>Source information</b><br>"
CINFO:33,0,"0"
TINFO:0,2,0,"SOYLENT GREEN - UHD"
TINFO:0,8,0,"1"
TINFO:0,9,0,"0:00:28"
TINFO:0,10,0,"9.4 MB"
TINFO:0,11,0,"9891840"
TINFO:0,16,0,"00002.mpls"
TINFO:0,25,0,"2"
TINFO:0,26,0,"3,4"
TINFO:0,27,0,"SOYLENT GREEN - UHD_t00.mkv"
TINFO:0,28,0,"eng"
TINFO:0,29,0,"English"
TINFO:0,30,0,"SOYLENT GREEN - UHD - 1 chapter(s) , 9.4 MB"
TINFO:0,31,6120,"<b>Title information</b><br>"
TINFO:0,33,0,"0"
SINFO:0,0,1,6201,"Video"
SINFO:0,0,5,0,"V_MPEG4/ISO/AVC"
SINFO:0,0,6,0,"Mpeg4"
SINFO:0,0,7,0,"Mpeg4 AVC High@L4.1"
SINFO:0,0,19,0,"1920x1080"
SINFO:0,0,20,0,"16:9"
SINFO:0,0,21,0,"23.976 (24000/1001)"
SINFO:0,0,22,0,"0"
SINFO:0,0,28,0,"eng"
SINFO:0,0,29,0,"English"
SINFO:0,0,30,0,"Mpeg4 AVC High@L4.1"
SINFO:0,0,31,6121,"<b>Track information</b><br>"
SINFO:0,0,33,0,"0"
SINFO:0,0,38,0,""
SINFO:0,0,42,5088,"( Lossless conversion )"
TINFO:1,2,0,"SOYLENT GREEN - UHD"
TINFO:1,8,0,"12"
TINFO:1,9,0,"1:36:48"
TINFO:1,10,0,"65.5 GB"
TINFO:1,11,0,"70376663040"
TINFO:1,16,0,"00012.mpls"
TINFO:1,25,0,"1"
TINFO:1,26,0,"425"
TINFO:1,27,0,"SOYLENT GREEN - UHD_t01.mkv"
TINFO:1,28,0,"eng"
TINFO:1,29,0,"English"
TINFO:1,30,0,"SOYLENT GREEN - UHD - 12 chapter(s) , 65.5 GB"
TINFO:1,31,6120,"<b>Title information</b><br>"
TINFO:1,33,0,"0"
SINFO:1,0,1,6201,"Video"
SINFO:1,0,5,0,"V_MPEGH/ISO/HEVC"
SINFO:1,0,6,0,"MpegH"
SINFO:1,0,7,0,"MpegH HEVC Main10@L5.1 (dvhe.07.06 BL+MEL+RPU)"
SINFO:1,0,19,0,"3840x2160"
SINFO:1,0,20,0,"16:9"
SINFO:1,0,21,0,"23.976 (24000/1001)"
SINFO:1,0,22,0,"65536"
SINFO:1,0,28,0,"eng"
SINFO:1,0,29,0,"English"
SINFO:1,0,30,0,"MpegH HEVC Main10@L5.1 (dvhe.07.06 BL+MEL+RPU)"
SINFO:1,0,31,6121,"<b>Track information</b><br>"
SINFO:1,0,33,0,"0"
SINFO:1,0,38,0,""
SINFO:1,0,42,5088,"( Lossless conversion )"
SINFO:1,1,1,6202,"Audio"
SINFO:1,1,2,5091,"Stereo"
SINFO:1,1,3,0,"eng"
SINFO:1,1,4,0,"English"
SINFO:1,1,5,0,"A_AC3"
SINFO:1,1,6,0,"DD"
SINFO:1,1,7,0,"Dolby Digital"
SINFO:1,1,13,0,"192 Kb/s"
SINFO:1,1,14,0,"2"
SINFO:1,1,17,0,"48000"
SINFO:1,1,22,0,"0"
SINFO:1,1,28,0,"eng"
SINFO:1,1,29,0,"English"
SINFO:1,1,30,0,"DD Stereo English"
SINFO:1,1,31,6121,"<b>Track information</b><br>"
SINFO:1,1,33,0,"90"
SINFO:1,1,38,0,"d"
SINFO:1,1,39,0,"Default"
SINFO:1,1,40,0,"stereo"
SINFO:1,1,42,5088,"( Lossless conversion )"
SINFO:1,2,1,6202,"Audio"
SINFO:1,2,2,5091,"Stereo"
SINFO:1,2,3,0,"eng"
SINFO:1,2,4,0,"English"
SINFO:1,2,5,0,"A_AC3"
SINFO:1,2,6,0,"DD"
SINFO:1,2,7,0,"Dolby Digital"
SINFO:1,2,13,0,"192 Kb/s"
SINFO:1,2,14,0,"2"
SINFO:1,2,17,0,"48000"
SINFO:1,2,22,0,"0"
SINFO:1,2,28,0,"eng"
SINFO:1,2,29,0,"English"
SINFO:1,2,30,0,"DD Stereo English"
SINFO:1,2,31,6121,"<b>Track information</b><br>"
SINFO:1,2,33,0,"90"
SINFO:1,2,38,0,""
SINFO:1,2,40,0,"stereo"
SINFO:1,2,42,5088,"( Lossless conversion )"
SINFO:1,3,1,6203,"Subtitles"
SINFO:1,3,3,0,"eng"
SINFO:1,3,4,0,"English"
SINFO:1,3,5,0,"S_HDMV/PGS"
SINFO:1,3,6,0,"PGS"
SINFO:1,3,7,0,"HDMV PGS Subtitles"
SINFO:1,3,22,0,"0"
SINFO:1,3,28,0,"eng"
SINFO:1,3,29,0,"English"
SINFO:1,3,30,0,"PGS English"
SINFO:1,3,31,6121,"<b>Track information</b><br>"
SINFO:1,3,33,0,"90"
SINFO:1,3,38,0,""
SINFO:1,3,42,5088,"( Lossless conversion )"
SINFO:1,4,1,6203,"Subtitles"
SINFO:1,4,3,0,"eng"
SINFO:1,4,4,0,"English"
SINFO:1,4,5,0,"S_HDMV/PGS"
SINFO:1,4,6,0,"PGS"
SINFO:1,4,7,0,"HDMV PGS Subtitles"
SINFO:1,4,22,0,"6144"
SINFO:1,4,28,0,"eng"
SINFO:1,4,29,0,"English"
SINFO:1,4,30,0,"PGS English  (forced only)"
SINFO:1,4,31,6121,"<b>Track information</b><br>"
SINFO:1,4,33,0,"90"
SINFO:1,4,38,0,"d"
SINFO:1,4,39,0,"Default"
SINFO:1,4,42,5088,"( Lossless conversion )"
TINFO:2,2,0,"SOYLENT GREEN - UHD"
TINFO:2,8,0,"12"
TINFO:2,9,0,"1:36:48"
TINFO:2,10,0,"65.5 GB"
TINFO:2,11,0,"70376663040"
TINFO:2,16,0,"00004.mpls"
TINFO:2,25,0,"1"
TINFO:2,26,0,"425"
TINFO:2,27,0,"SOYLENT GREEN - UHD_t02.mkv"
TINFO:2,28,0,"eng"
TINFO:2,29,0,"English"
TINFO:2,30,0,"SOYLENT GREEN - UHD - 12 chapter(s) , 65.5 GB"
TINFO:2,31,6120,"<b>Title information</b><br>"
TINFO:2,33,0,"0"
SINFO:2,0,1,6201,"Video"
SINFO:2,0,5,0,"V_MPEGH/ISO/HEVC"
SINFO:2,0,6,0,"MpegH"
SINFO:2,0,7,0,"MpegH HEVC Main10@L5.1 (dvhe.07.06 BL+MEL+RPU)"
SINFO:2,0,19,0,"3840x2160"
SINFO:2,0,20,0,"16:9"
SINFO:2,0,21,0,"23.976 (24000/1001)"
SINFO:2,0,22,0,"65536"
SINFO:2,0,28,0,"eng"
SINFO:2,0,29,0,"English"
SINFO:2,0,30,0,"MpegH HEVC Main10@L5.1 (dvhe.07.06 BL+MEL+RPU)"
SINFO:2,0,31,6121,"<b>Track information</b><br>"
SINFO:2,0,33,0,"0"
SINFO:2,0,38,0,""
SINFO:2,0,42,5088,"( Lossless conversion )"
SINFO:2,1,1,6202,"Audio"
SINFO:2,1,2,5091,"Stereo"
SINFO:2,1,3,0,"eng"
SINFO:2,1,4,0,"English"
SINFO:2,1,5,0,"A_AC3"
SINFO:2,1,6,0,"DD"
SINFO:2,1,7,0,"Dolby Digital"
SINFO:2,1,13,0,"192 Kb/s"
SINFO:2,1,14,0,"2"
SINFO:2,1,17,0,"48000"
SINFO:2,1,22,0,"0"
SINFO:2,1,28,0,"eng"
SINFO:2,1,29,0,"English"
SINFO:2,1,30,0,"DD Stereo English"
SINFO:2,1,31,6121,"<b>Track information</b><br>"
SINFO:2,1,33,0,"90"
SINFO:2,1,38,0,"d"
SINFO:2,1,39,0,"Default"
SINFO:2,1,40,0,"stereo"
SINFO:2,1,42,5088,"( Lossless conversion )"
TINFO:3,2,0,"SOYLENT GREEN - UHD"
TINFO:3,8,0,"1"
TINFO:3,9,0,"0:02:00"
TINFO:3,10,0,"387.3 MB"
TINFO:3,11,0,"406198272"
TINFO:3,16,0,"00000.mpls"
TINFO:3,25,0,"2"
TINFO:3,26,0,"427,428"
TINFO:3,27,0,"SOYLENT GREEN - UHD_t03.mkv"
TINFO:3,28,0,"eng"
TINFO:3,29,0,"English"
TINFO:3,30,0,"SOYLENT GREEN - UHD - 1 chapter(s) , 387.3 MB"
TINFO:3,31,6120,"<b>Title information</b><br>"
TINFO:3,33,0,"0"
SINFO:3,0,1,6201,"Video"
SINFO:3,0,5,0,"V_MPEG4/ISO/AVC"
SINFO:3,0,6,0,"Mpeg4"
SINFO:3,0,7,0,"Mpeg4 AVC High@L4.1"
SINFO:3,0,19,0,"1920x1080"
SINFO:3,0,20,0,"16:9"
SINFO:3,0,21,0,"23.976 (24000/1001)"
SINFO:3,0,22,0,"0"
SINFO:3,0,28,0,"eng"
SINFO:3,0,29,0,"English"
SINFO:3,0,30,0,"Mpeg4 AVC High@L4.1"
SINFO:3,0,31,6121,"<b>Track information</b><br>"
SINFO:3,0,33,0,"0"
SINFO:3,0,38,0,""
SINFO:3,0,42,5088,"( Lossless conversion )"
SINFO:3,1,1,6202,"Audio"
SINFO:3,1,2,5091,"Stereo"
SINFO:3,1,3,0,"eng"
SINFO:3,1,4,0,"English"
SINFO:3,1,5,0,"A_PCM/INT/LIT"
SINFO:3,1,6,0,"LPCM"
SINFO:3,1,7,0,"Linear PCM"
SINFO:3,1,13,0,"24 Kb/s"
SINFO:3,1,14,0,"2"
SINFO:3,1,17,0,"48000"
SINFO:3,1,18,0,"16"
SINFO:3,1,22,0,"0"
SINFO:3,1,28,0,"eng"
SINFO:3,1,29,0,"English"
SINFO:3,1,30,0,"LPCM Stereo English"
SINFO:3,1,31,6121,"<b>Track information</b><br>"
SINFO:3,1,33,0,"90"
SINFO:3,1,34,0,"Raw LPCM audio without channel configuration metadata ( Lossless conversion )"
SINFO:3,1,35,0,"Save as raw LPCM"
SINFO:3,1,38,0,"d"
SINFO:3,1,39,0,"Default"
SINFO:3,1,40,0,"stereo"
SINFO:3,1,42,5088,"( Lossless conversion )"
TINFO:4,2,0,"SOYLENT GREEN - UHD"
TINFO:4,8,0,"236"
TINFO:4,9,0,"0:03:56"
TINFO:4,10,0,"359.3 MB"
TINFO:4,11,0,"376793088"
TINFO:4,16,0,"00010.mpls"
TINFO:4,25,0,"236"
TINFO:4,26,0,"10,12,13,34,14,35,15,16,37,17,38,18,39,19,40,20,21,22,23,24,25,26,27,28,29,30,31,32,41,42,43,44,45,46,47,48,49,50,51,52,53,54,55,56,57,58,59,60,61,62,63,64,65,66,67,68,69,70,71,72,73,74,75,76,77,78,79,80,81,82,83,84,85,86,87,88,89,90,91,92,93,94,95,96,97,98,99,100,101,102,103,104,105,106,107,108,109,110,111,112,113,114,115,116,117,118,119,120,121,122,123,124,125,126,127,128,..."
TINFO:4,27,0,"SOYLENT GREEN - UHD_t04.mkv"
TINFO:4,28,0,"eng"
TINFO:4,29,0,"English"
TINFO:4,30,0,"SOYLENT GREEN - UHD - 236 chapter(s) , 359.3 MB"
TINFO:4,31,6120,"<b>Title information</b><br>"
TINFO:4,33,0,"0"
SINFO:4,0,1,6201,"Video"
SINFO:4,0,5,0,"V_MPEGH/ISO/HEVC"
SINFO:4,0,6,0,"MpegH"
SINFO:4,0,7,0,"MpegH HEVC Main10@L5.1"
SINFO:4,0,19,0,"3840x2160"
SINFO:4,0,20,0,"16:9"
SINFO:4,0,21,0,"23.976 (24000/1001)"
SINFO:4,0,22,0,"0"
SINFO:4,0,28,0,"eng"
SINFO:4,0,29,0,"English"
SINFO:4,0,30,0,"MpegH HEVC Main10@L5.1"
SINFO:4,0,31,6121,"<b>Track information</b><br>"
SINFO:4,0,33,0,"0"
SINFO:4,0,38,0,""
SINFO:4,0,42,5088,"( Lossless conversion )"
TINFO:5,2,0,"SOYLENT GREEN - UHD"
TINFO:5,8,0,"165"
TINFO:5,9,0,"0:02:45"
TINFO:5,10,0,"215.6 MB"
TINFO:5,11,0,"226166784"
TINFO:5,16,0,"00011.mpls"
TINFO:5,25,0,"165"
TINFO:5,26,0,"249,250,251,252,253,254,255,256,257,258,259,260,261,262,263,264,265,266,267,268,269,270,271,272,273,274,275,276,277,278,279,280,281,282,283,284,285,286,287,288,289,290,291,292,293,294,295,296,297,298,299,300,301,302,303,304,305,306,307,308,309,310,311,312,313,314,315,316,317,318,320,321,322,323,324,325,326,327,328,329,330,331,332,333,334,335,336,337,338,339,340,341,342,343,..."
TINFO:5,27,0,"SOYLENT GREEN - UHD_t05.mkv"
TINFO:5,28,0,"eng"
TINFO:5,29,0,"English"
TINFO:5,30,0,"SOYLENT GREEN - UHD - 165 chapter(s) , 215.6 MB"
TINFO:5,31,6120,"<b>Title information</b><br>"
TINFO:5,33,0,"0"
SINFO:5,0,1,6201,"Video"
SINFO:5,0,5,0,"V_MPEGH/ISO/HEVC"
SINFO:5,0,6,0,"MpegH"
SINFO:5,0,7,0,"MpegH HEVC Main10@L5.1"
SINFO:5,0,19,0,"3840x2160"
SINFO:5,0,20,0,"16:9"
SINFO:5,0,21,0,"23.976 (24000/1001)"
SINFO:5,0,22,0,"0"
SINFO:5,0,28,0,"eng"
SINFO:5,0,29,0,"English"
SINFO:5,0,30,0,"MpegH HEVC Main10@L5.1"
SINFO:5,0,31,6121,"<b>Track information</b><br>"
SINFO:5,0,33,0,"0"
SINFO:5,0,38,0,""
SINFO:5,0,42,5088,"( Lossless conversion )"
TINFO:6,2,0,"SOYLENT GREEN - UHD"
TINFO:6,8,0,"12"
TINFO:6,9,0,"0:00:12"
TINFO:6,10,0,"4.1 MB"
TINFO:6,11,0,"4374528"
TINFO:6,16,0,"00009.mpls"
TINFO:6,25,0,"12"
TINFO:6,26,0,"414,415,416,417,418,419,420,421,422,33,6,424"
TINFO:6,27,0,"SOYLENT GREEN - UHD_t06.mkv"
TINFO:6,28,0,"eng"
TINFO:6,29,0,"English"
TINFO:6,30,0,"SOYLENT GREEN - UHD - 12 chapter(s) , 4.1 MB"
TINFO:6,31,6120,"<b>Title information</b><br>"
TINFO:6,33,0,"0"
SINFO:6,0,1,6201,"Video"
SINFO:6,0,5,0,"V_MPEG4/ISO/AVC"
SINFO:6,0,6,0,"Mpeg4"
SINFO:6,0,7,0,"Mpeg4 AVC High@L4.1"
SINFO:6,0,19,0,"1920x1080"
SINFO:6,0,20,0,"16:9"
SINFO:6,0,21,0,"23.976 (24000/1001)"
SINFO:6,0,22,0,"0"
SINFO:6,0,28,0,"eng"
SINFO:6,0,29,0,"English"
SINFO:6,0,30,0,"Mpeg4 AVC High@L4.1"
SINFO:6,0,31,6121,"<b>Track information</b><br>"
SINFO:6,0,33,0,"0"
SINFO:6,0,38,0,""
SINFO:6,0,42,5088,"( Lossless conversion )"
TINFO:7,2,0,"SOYLENT GREEN - UHD"
TINFO:7,8,0,"4"
TINFO:7,9,0,"1:16:24"
TINFO:7,10,0,"13.5 GB"
TINFO:7,11,0,"14582335488"
TINFO:7,16,0,"00005.mpls"
TINFO:7,25,0,"1"
TINFO:7,26,0,"0"
TINFO:7,27,0,"SOYLENT GREEN - UHD_t07.mkv"
TINFO:7,28,0,"eng"
TINFO:7,29,0,"English"
TINFO:7,30,0,"SOYLENT GREEN - UHD - 4 chapter(s) , 13.5 GB"
TINFO:7,31,6120,"<b>Title information</b><br>"
TINFO:7,33,0,"0"
SINFO:7,0,1,6201,"Video"
SINFO:7,0,5,0,"V_MPEGH/ISO/HEVC"
SINFO:7,0,6,0,"MpegH"
SINFO:7,0,7,0,"MpegH HEVC Main10@L5.1"
SINFO:7,0,19,0,"1920x1080"
SINFO:7,0,20,0,"16:9"
SINFO:7,0,21,0,"59.94 (60000/1001)"
SINFO:7,0,22,0,"0"
SINFO:7,0,28,0,"eng"
SINFO:7,0,29,0,"English"
SINFO:7,0,30,0,"MpegH HEVC Main10@L5.1"
SINFO:7,0,31,6121,"<b>Track information</b><br>"
SINFO:7,0,33,0,"0"
SINFO:7,0,38,0,""
SINFO:7,0,42,5088,"( Lossless conversion )"
SINFO:7,1,1,6202,"Audio"
SINFO:7,1,2,5091,"Stereo"
SINFO:7,1,3,0,"eng"
SINFO:7,1,4,0,"English"
SINFO:7,1,5,0,"A_AC3"
SINFO:7,1,6,0,"DD"
SINFO:7,1,7,0,"Dolby Digital"
SINFO:7,1,13,0,"192 Kb/s"
SINFO:7,1,14,0,"2"
SINFO:7,1,17,0,"48000"
SINFO:7,1,22,0,"0"
SINFO:7,1,28,0,"eng"
SINFO:7,1,29,0,"English"
SINFO:7,1,30,0,"DD Stereo English"
SINFO:7,1,31,6121,"<b>Track information</b><br>"
SINFO:7,1,33,0,"90"
SINFO:7,1,38,0,"d"
SINFO:7,1,39,0,"Default"
SINFO:7,1,40,0,"stereo"
SINFO:7,1,42,5088,"( Lossless conversion )"
TINFO:8,2,0,"SOYLENT GREEN - UHD"
TINFO:8,8,0,"12"
TINFO:8,9,0,"1:36:48"
TINFO:8,10,0,"65.5 GB"
TINFO:8,11,0,"70376663040"
TINFO:8,16,0,"00001.mpls"
TINFO:8,25,0,"1"
TINFO:8,26,0,"425"
TINFO:8,27,0,"SOYLENT GREEN - UHD_t08.mkv"
TINFO:8,28,0,"eng"
TINFO:8,29,0,"English"
TINFO:8,30,0,"SOYLENT GREEN - UHD - 12 chapter(s) , 65.5 GB"
TINFO:8,31,6120,"<b>Title information</b><br>"
TINFO:8,33,0,"0"
SINFO:8,0,1,6201,"Video"
SINFO:8,0,5,0,"V_MPEGH/ISO/HEVC"
SINFO:8,0,6,0,"MpegH"
SINFO:8,0,7,0,"MpegH HEVC Main10@L5.1 (dvhe.07.06 BL+MEL+RPU)"
SINFO:8,0,19,0,"3840x2160"
SINFO:8,0,20,0,"16:9"
SINFO:8,0,21,0,"23.976 (24000/1001)"
SINFO:8,0,22,0,"65536"
SINFO:8,0,28,0,"eng"
SINFO:8,0,29,0,"English"
SINFO:8,0,30,0,"MpegH HEVC Main10@L5.1 (dvhe.07.06 BL+MEL+RPU)"
SINFO:8,0,31,6121,"<b>Track information</b><br>"
SINFO:8,0,33,0,"0"
SINFO:8,0,38,0,""
SINFO:8,0,42,5088,"( Lossless conversion )"
SINFO:8,1,1,6202,"Audio"
SINFO:8,1,2,5090,"Mono"
SINFO:8,1,3,0,"eng"
SINFO:8,1,4,0,"English"
SINFO:8,1,5,0,"A_PCM/INT/LIT"
SINFO:8,1,6,0,"LPCM"
SINFO:8,1,7,0,"Linear PCM"
SINFO:8,1,13,0,"18 Kb/s"
SINFO:8,1,14,0,"1"
SINFO:8,1,17,0,"48000"
SINFO:8,1,18,0,"24"
SINFO:8,1,22,0,"0"
SINFO:8,1,28,0,"eng"
SINFO:8,1,29,0,"English"
SINFO:8,1,30,0,"LPCM Mono English"
SINFO:8,1,31,6121,"<b>Track information</b><br>"
SINFO:8,1,33,0,"90"
SINFO:8,1,34,0,"Raw LPCM audio without channel configuration metadata ( Lossless conversion )"
SINFO:8,1,35,0,"Save as raw LPCM"
SINFO:8,1,38,0,"d"
SINFO:8,1,39,0,"Default"
SINFO:8,1,40,0,"mono"
SINFO:8,1,42,5088,"( Lossless conversion )"
SINFO:8,2,1,6203,"Subtitles"
SINFO:8,2,3,0,"eng"
SINFO:8,2,4,0,"English"
SINFO:8,2,5,0,"S_HDMV/PGS"
SINFO:8,2,6,0,"PGS"
SINFO:8,2,7,0,"HDMV PGS Subtitles"
SINFO:8,2,22,0,"0"
SINFO:8,2,28,0,"eng"
SINFO:8,2,29,0,"English"
SINFO:8,2,30,0,"PGS English"
SINFO:8,2,31,6121,"<b>Track information</b><br>"
SINFO:8,2,33,0,"90"
SINFO:8,2,38,0,""
SINFO:8,2,42,5088,"( Lossless conversion )"
SINFO:8,3,1,6203,"Subtitles"
SINFO:8,3,3,0,"eng"
SINFO:8,3,4,0,"English"
SINFO:8,3,5,0,"S_HDMV/PGS"
SINFO:8,3,6,0,"PGS"
SINFO:8,3,7,0,"HDMV PGS Subtitles"
SINFO:8,3,22,0,"6144"
SINFO:8,3,28,0,"eng"
SINFO:8,3,29,0,"English"
SINFO:8,3,30,0,"PGS English  (forced only)"
SINFO:8,3,31,6121,"<b>Track information</b><br>"
SINFO:8,3,33,0,"90"
SINFO:8,3,38,0,"d"
SINFO:8,3,39,0,"Default"
SINFO:8,3,42,5088,"( Lossless conversion )"
TINFO:9,2,0,"SOYLENT GREEN - UHD"
TINFO:9,9,0,"0:00:01"
TINFO:9,10,0,"0.0 MB"
TINFO:9,11,0,"30720"
TINFO:9,16,0,"00007.m2ts"
TINFO:9,25,0,"1"
TINFO:9,26,0,"7"
TINFO:9,27,0,"SOYLENT GREEN - UHD_t09.mkv"
TINFO:9,28,0,"eng"
TINFO:9,29,0,"English"
TINFO:9,30,0,"SOYLENT GREEN - UHD , 0.0 MB"
TINFO:9,31,6120,"<b>Title information</b><br>"
TINFO:9,33,0,"0"
SINFO:9,0,1,6201,"Video"
SINFO:9,0,5,0,"V_MPEGH/ISO/HEVC"
SINFO:9,0,6,0,"MpegH"
SINFO:9,0,7,0,"MpegH HEVC Main10@L5.1"
SINFO:9,0,19,0,"1920x1080"
SINFO:9,0,20,0,"16:9"
SINFO:9,0,21,0,"59.94 (2997/50)"
SINFO:9,0,22,0,"0"
SINFO:9,0,28,0,"eng"
SINFO:9,0,29,0,"English"
SINFO:9,0,30,0,"MpegH HEVC Main10@L5.1"
SINFO:9,0,31,6121,"<b>Track information</b><br>"
SINFO:9,0,33,0,"0"
SINFO:9,0,38,0,""
SINFO:9,0,42,5088,"( Lossless conversion )"
TINFO:10,2,0,"SOYLENT GREEN - UHD"
TINFO:10,9,0,"0:00:01"
TINFO:10,10,0,"0.0 MB"
TINFO:10,11,0,"30720"
TINFO:10,16,0,"00426.m2ts"
TINFO:10,25,0,"1"
TINFO:10,26,0,"426"
TINFO:10,27,0,"SOYLENT GREEN - UHD_t10.mkv"
TINFO:10,28,0,"eng"
TINFO:10,29,0,"English"
TINFO:10,30,0,"SOYLENT GREEN - UHD , 0.0 MB"
TINFO:10,31,6120,"<b>Title information</b><br>"
TINFO:10,33,0,"0"
SINFO:10,0,1,6201,"Video"
SINFO:10,0,5,0,"V_MPEGH/ISO/HEVC"
SINFO:10,0,6,0,"MpegH"
SINFO:10,0,7,0,"MpegH HEVC Main10@L5.1 (dvhe.07.06 BL+MEL+RPU)"
SINFO:10,0,19,0,"3840x2160"
SINFO:10,0,20,0,"16:9"
SINFO:10,0,21,0,"23.976 (24000/1001)"
SINFO:10,0,22,0,"65536"
SINFO:10,0,28,0,"eng"
SINFO:10,0,29,0,"English"
SINFO:10,0,30,0,"MpegH HEVC Main10@L5.1 (dvhe.07.06 BL+MEL+RPU)"
SINFO:10,0,31,6121,"<b>Track information</b><br>"
SINFO:10,0,33,0,"0"
SINFO:10,0,38,0,""
SINFO:10,0,42,5088,"( Lossless conversion )"
TINFO:11,2,0,"SOYLENT GREEN - UHD"
TINFO:11,9,0,"0:04:50"
TINFO:11,10,0,"876.6 MB"
TINFO:11,11,0,"919265280"
TINFO:11,16,0,"00002.m2ts"
TINFO:11,25,0,"1"
TINFO:11,26,0,"2"
TINFO:11,27,0,"SOYLENT GREEN - UHD_t11.mkv"
TINFO:11,28,0,"eng"
TINFO:11,29,0,"English"
TINFO:11,30,0,"SOYLENT GREEN - UHD , 876.6 MB"
TINFO:11,31,6120,"<b>Title information</b><br>"
TINFO:11,33,0,"0"
SINFO:11,0,1,6201,"Video"
SINFO:11,0,5,0,"V_MPEG4/ISO/AVC"
SINFO:11,0,6,0,"Mpeg4"
SINFO:11,0,7,0,"Mpeg4 AVC High@L4.1"
SINFO:11,0,19,0,"1920x1080"
SINFO:11,0,20,0,"16:9"
SINFO:11,0,21,0,"23.976 (24000/1001)"
SINFO:11,0,22,0,"0"
SINFO:11,0,28,0,"eng"
SINFO:11,0,29,0,"English"
SINFO:11,0,30,0,"Mpeg4 AVC High@L4.1"
SINFO:11,0,31,6121,"<b>Track information</b><br>"
SINFO:11,0,33,0,"0"
SINFO:11,0,38,0,""
SINFO:11,0,42,5088,"( Lossless conversion )"
SINFO:11,1,1,6202,"Audio"
SINFO:11,1,2,5091,"Stereo"
SINFO:11,1,3,0,"eng"
SINFO:11,1,4,0,"English"
SINFO:11,1,5,0,"A_AC3"
SINFO:11,1,6,0,"DD"
SINFO:11,1,7,0,"Dolby Digital"
SINFO:11,1,13,0,"192 Kb/s"
SINFO:11,1,14,0,"2"
SINFO:11,1,17,0,"48000"
SINFO:11,1,22,0,"0"
SINFO:11,1,28,0,"eng"
SINFO:11,1,29,0,"English"
SINFO:11,1,30,0,"DD Stereo English"
SINFO:11,1,31,6121,"<b>Track information</b><br>"
SINFO:11,1,33,0,"90"
SINFO:11,1,38,0,"d"
SINFO:11,1,39,0,"Default"
SINFO:11,1,40,0,"stereo"
SINFO:11,1,42,5088,"( Lossless conversion )"
TINFO:12,2,0,"SOYLENT GREEN - UHD"
TINFO:12,9,0,"0:00:01"
TINFO:12,10,0,"0.0 MB"
TINFO:12,11,0,"18432"
TINFO:12,16,0,"00008.m2ts"
TINFO:12,25,0,"1"
TINFO:12,26,0,"8"
TINFO:12,27,0,"SOYLENT GREEN - UHD_t12.mkv"
TINFO:12,28,0,"eng"
TINFO:12,29,0,"English"
TINFO:12,30,0,"SOYLENT GREEN - UHD , 0.0 MB"
TINFO:12,31,6120,"<b>Title information</b><br>"
TINFO:12,33,0,"0"
SINFO:12,0,1,6201,"Video"
SINFO:12,0,5,0,"V_MPEG4/ISO/AVC"
SINFO:12,0,6,0,"Mpeg4"
SINFO:12,0,7,0,"Mpeg4 AVC High@L4.1"
SINFO:12,0,19,0,"1920x1080"
SINFO:12,0,20,0,"16:9"
SINFO:12,0,21,0,"23.976 (24000/1001)"
SINFO:12,0,22,0,"0"
SINFO:12,0,28,0,"eng"
SINFO:12,0,29,0,"English"
SINFO:12,0,30,0,"Mpeg4 AVC High@L4.1"
SINFO:12,0,31,6121,"<b>Track information</b><br>"
SINFO:12,0,33,0,"0"
SINFO:12,0,38,0,""
SINFO:12,0,42,5088,"( Lossless conversion )"
TINFO:13,2,0,"SOYLENT GREEN - UHD"
TINFO:13,9,0,"0:00:01"
TINFO:13,10,0,"0.0 MB"
TINFO:13,11,0,"18432"
TINFO:13,16,0,"00011.m2ts"
TINFO:13,25,0,"1"
TINFO:13,26,0,"11"
TINFO:13,27,0,"SOYLENT GREEN - UHD_t13.mkv"
TINFO:13,28,0,"eng"
TINFO:13,29,0,"English"
TINFO:13,30,0,"SOYLENT GREEN - UHD , 0.0 MB"
TINFO:13,31,6120,"<b>Title information</b><br>"
TINFO:13,33,0,"0"
SINFO:13,0,1,6201,"Video"
SINFO:13,0,5,0,"V_MPEG4/ISO/AVC"
SINFO:13,0,6,0,"Mpeg4"
SINFO:13,0,7,0,"Mpeg4 AVC High@L4.1"
SINFO:13,0,19,0,"1920x1080"
SINFO:13,0,20,0,"16:9"
SINFO:13,0,21,0,"23.976 (24000/1001)"
SINFO:13,0,22,0,"0"
SINFO:13,0,28,0,"eng"
SINFO:13,0,29,0,"English"
SINFO:13,0,30,0,"Mpeg4 AVC High@L4.1"
SINFO:13,0,31,6121,"<b>Track information</b><br>"
SINFO:13,0,33,0,"0"
SINFO:13,0,38,0,""
SINFO:13,0,42,5088,"( Lossless conversion )"
TINFO:14,2,0,"SOYLENT GREEN - UHD"
TINFO:14,9,0,"0:00:01"
TINFO:14,10,0,"0.0 MB"
TINFO:14,11,0,"18432"
TINFO:14,16,0,"00009.m2ts"
TINFO:14,25,0,"1"
TINFO:14,26,0,"9"
TINFO:14,27,0,"SOYLENT GREEN - UHD_t14.mkv"
TINFO:14,28,0,"eng"
TINFO:14,29,0,"English"
TINFO:14,30,0,"SOYLENT GREEN - UHD , 0.0 MB"
TINFO:14,31,6120,"<b>Title information</b><br>"
TINFO:14,33,0,"0"
SINFO:14,0,1,6201,"Video"
SINFO:14,0,5,0,"V_MPEG4/ISO/AVC"
SINFO:14,0,6,0,"Mpeg4"
SINFO:14,0,7,0,"Mpeg4 AVC High@L4.1"
SINFO:14,0,19,0,"1920x1080"
SINFO:14,0,20,0,"16:9"
SINFO:14,0,21,0,"23.976 (24000/1001)"
SINFO:14,0,22,0,"0"
SINFO:14,0,28,0,"eng"
SINFO:14,0,29,0,"English"
SINFO:14,0,30,0,"Mpeg4 AVC High@L4.1"
SINFO:14,0,31,6121,"<b>Track information</b><br>"
SINFO:14,0,33,0,"0"
SINFO:14,0,38,0,""
SINFO:14,0,42,5088,"( Lossless conversion )"
TINFO:15,2,0,"SOYLENT GREEN - UHD"
TINFO:15,9,0,"0:03:28"
TINFO:15,10,0,"630.1 MB"
TINFO:15,11,0,"660750336"
TINFO:15,16,0,"00005.m2ts"
TINFO:15,25,0,"1"
TINFO:15,26,0,"5"
TINFO:15,27,0,"SOYLENT GREEN - UHD_t15.mkv"
TINFO:15,28,0,"eng"
TINFO:15,29,0,"English"
TINFO:15,30,0,"SOYLENT GREEN - UHD , 630.1 MB"
TINFO:15,31,6120,"<b>Title information</b><br>"
TINFO:15,33,0,"0"
SINFO:15,0,1,6201,"Video"
SINFO:15,0,5,0,"V_MPEG4/ISO/AVC"
SINFO:15,0,6,0,"Mpeg4"
SINFO:15,0,7,0,"Mpeg4 AVC High@L4.1"
SINFO:15,0,19,0,"1920x1080"
SINFO:15,0,20,0,"16:9"
SINFO:15,0,21,0,"23.976 (24000/1001)"
SINFO:15,0,22,0,"0"
SINFO:15,0,28,0,"eng"
SINFO:15,0,29,0,"English"
SINFO:15,0,30,0,"Mpeg4 AVC High@L4.1"
SINFO:15,0,31,6121,"<b>Track information</b><br>"
SINFO:15,0,33,0,"0"
SINFO:15,0,38,0,""
SINFO:15,0,42,5088,"( Lossless conversion )"
SINFO:15,1,1,6202,"Audio"
SINFO:15,1,2,5091,"Stereo"
SINFO:15,1,3,0,"eng"
SINFO:15,1,4,0,"English"
SINFO:15,1,5,0,"A_AC3"
SINFO:15,1,6,0,"DD"
SINFO:15,1,7,0,"Dolby Digital"
SINFO:15,1,13,0,"192 Kb/s"
SINFO:15,1,14,0,"2"
SINFO:15,1,17,0,"48000"
SINFO:15,1,22,0,"0"
SINFO:15,1,28,0,"eng"
SINFO:15,1,29,0,"English"
SINFO:15,1,30,0,"DD Stereo English"
SINFO:15,1,31,6121,"<b>Track information</b><br>"
SINFO:15,1,33,0,"90"
SINFO:15,1,38,0,"d"
SINFO:15,1,39,0,"Default"
SINFO:15,1,40,0,"stereo"
SINFO:15,1,42,5088,"( Lossless conversion )"
TINFO:16,2,0,"SOYLENT GREEN - UHD"
TINFO:16,9,0,"1:36:48"
TINFO:16,10,0,"65.5 GB"
TINFO:16,11,0,"70376663040"
TINFO:16,16,0,"00425.m2ts"
TINFO:16,25,0,"1"
TINFO:16,26,0,"425"
TINFO:16,27,0,"SOYLENT GREEN - UHD_t16.mkv"
TINFO:16,28,0,"eng"
TINFO:16,29,0,"English"
TINFO:16,30,0,"SOYLENT GREEN - UHD , 65.5 GB"
TINFO:16,31,6120,"<b>Title information</b><br>"
TINFO:16,33,0,"0"
SINFO:16,0,1,6201,"Video"
SINFO:16,0,5,0,"V_MPEGH/ISO/HEVC"
SINFO:16,0,6,0,"MpegH"
SINFO:16,0,7,0,"MpegH HEVC Main10@L5.1 (dvhe.07.06 BL+MEL+RPU)"
SINFO:16,0,19,0,"3840x2160"
SINFO:16,0,20,0,"16:9"
SINFO:16,0,21,0,"23.976 (24000/1001)"
SINFO:16,0,22,0,"65536"
SINFO:16,0,28,0,"eng"
SINFO:16,0,29,0,"English"
SINFO:16,0,30,0,"MpegH HEVC Main10@L5.1 (dvhe.07.06 BL+MEL+RPU)"
SINFO:16,0,31,6121,"<b>Track information</b><br>"
SINFO:16,0,33,0,"0"
SINFO:16,0,38,0,""
SINFO:16,0,42,5088,"( Lossless conversion )"
SINFO:16,1,1,6202,"Audio"
SINFO:16,1,2,5090,"Mono"
SINFO:16,1,3,0,"eng"
SINFO:16,1,4,0,"English"
SINFO:16,1,5,0,"A_PCM/INT/LIT"
SINFO:16,1,6,0,"LPCM"
SINFO:16,1,7,0,"Linear PCM"
SINFO:16,1,13,0,"18 Kb/s"
SINFO:16,1,14,0,"1"
SINFO:16,1,17,0,"48000"
SINFO:16,1,18,0,"24"
SINFO:16,1,22,0,"0"
SINFO:16,1,28,0,"eng"
SINFO:16,1,29,0,"English"
SINFO:16,1,30,0,"LPCM Mono English"
SINFO:16,1,31,6121,"<b>Track information</b><br>"
SINFO:16,1,33,0,"90"
SINFO:16,1,34,0,"Raw LPCM audio without channel configuration metadata ( Lossless conversion )"
SINFO:16,1,35,0,"Save as raw LPCM"
SINFO:16,1,38,0,"d"
SINFO:16,1,39,0,"Default"
SINFO:16,1,40,0,"mono"
SINFO:16,1,42,5088,"( Lossless conversion )"
SINFO:16,2,1,6202,"Audio"
SINFO:16,2,2,5091,"Stereo"
SINFO:16,2,3,0,"eng"
SINFO:16,2,4,0,"English"
SINFO:16,2,5,0,"A_AC3"
SINFO:16,2,6,0,"DD"
SINFO:16,2,7,0,"Dolby Digital"
SINFO:16,2,13,0,"192 Kb/s"
SINFO:16,2,14,0,"2"
SINFO:16,2,17,0,"48000"
SINFO:16,2,22,0,"0"
SINFO:16,2,28,0,"eng"
SINFO:16,2,29,0,"English"
SINFO:16,2,30,0,"DD Stereo English"
SINFO:16,2,31,6121,"<b>Track information</b><br>"
SINFO:16,2,33,0,"90"
SINFO:16,2,38,0,""
SINFO:16,2,40,0,"stereo"
SINFO:16,2,42,5088,"( Lossless conversion )"
SINFO:16,3,1,6202,"Audio"
SINFO:16,3,2,5091,"Stereo"
SINFO:16,3,3,0,"eng"
SINFO:16,3,4,0,"English"
SINFO:16,3,5,0,"A_AC3"
SINFO:16,3,6,0,"DD"
SINFO:16,3,7,0,"Dolby Digital"
SINFO:16,3,13,0,"192 Kb/s"
SINFO:16,3,14,0,"2"
SINFO:16,3,17,0,"48000"
SINFO:16,3,22,0,"0"
SINFO:16,3,28,0,"eng"
SINFO:16,3,29,0,"English"
SINFO:16,3,30,0,"DD Stereo English"
SINFO:16,3,31,6121,"<b>Track information</b><br>"
SINFO:16,3,33,0,"90"
SINFO:16,3,38,0,""
SINFO:16,3,40,0,"stereo"
SINFO:16,3,42,5088,"( Lossless conversion )"
SINFO:16,4,1,6202,"Audio"
SINFO:16,4,2,5091,"Stereo"
SINFO:16,4,3,0,"eng"
SINFO:16,4,4,0,"English"
SINFO:16,4,5,0,"A_AC3"
SINFO:16,4,6,0,"DD"
SINFO:16,4,7,0,"Dolby Digital"
SINFO:16,4,13,0,"192 Kb/s"
SINFO:16,4,14,0,"2"
SINFO:16,4,17,0,"48000"
SINFO:16,4,22,0,"0"
SINFO:16,4,28,0,"eng"
SINFO:16,4,29,0,"English"
SINFO:16,4,30,0,"DD Stereo English"
SINFO:16,4,31,6121,"<b>Track information</b><br>"
SINFO:16,4,33,0,"90"
SINFO:16,4,38,0,""
SINFO:16,4,40,0,"stereo"
SINFO:16,4,42,5088,"( Lossless conversion )"
SINFO:16,5,1,6203,"Subtitles"
SINFO:16,5,3,0,"eng"
SINFO:16,5,4,0,"English"
SINFO:16,5,5,0,"S_HDMV/PGS"
SINFO:16,5,6,0,"PGS"
SINFO:16,5,7,0,"HDMV PGS Subtitles"
SINFO:16,5,22,0,"0"
SINFO:16,5,28,0,"eng"
SINFO:16,5,29,0,"English"
SINFO:16,5,30,0,"PGS English"
SINFO:16,5,31,6121,"<b>Track information</b><br>"
SINFO:16,5,33,0,"90"
SINFO:16,5,38,0,""
SINFO:16,5,42,5088,"( Lossless conversion )"
SINFO:16,6,1,6203,"Subtitles"
SINFO:16,6,3,0,"eng"
SINFO:16,6,4,0,"English"
SINFO:16,6,5,0,"S_HDMV/PGS"
SINFO:16,6,6,0,"PGS"
SINFO:16,6,7,0,"HDMV PGS Subtitles"
SINFO:16,6,22,0,"6144"
SINFO:16,6,28,0,"eng"
SINFO:16,6,29,0,"English"
SINFO:16,6,30,0,"PGS English  (forced only)"
SINFO:16,6,31,6121,"<b>Track information</b><br>"
SINFO:16,6,33,0,"90"
SINFO:16,6,38,0,"d"
SINFO:16,6,39,0,"Default"
SINFO:16,6,42,5088,"( Lossless conversion )"
TINFO:17,2,0,"SOYLENT GREEN - UHD"
TINFO:17,9,0,"0:10:02"
TINFO:17,10,0,"1.7 GB"
TINFO:17,11,0,"1908117504"
TINFO:17,16,0,"00001.m2ts"
TINFO:17,25,0,"1"
TINFO:17,26,0,"1"
TINFO:17,27,0,"SOYLENT GREEN - UHD_t17.mkv"
TINFO:17,28,0,"eng"
TINFO:17,29,0,"English"
TINFO:17,30,0,"SOYLENT GREEN - UHD , 1.7 GB"
TINFO:17,31,6120,"<b>Title information</b><br>"
TINFO:17,33,0,"0"
SINFO:17,0,1,6201,"Video"
SINFO:17,0,5,0,"V_MPEG4/ISO/AVC"
SINFO:17,0,6,0,"Mpeg4"
SINFO:17,0,7,0,"Mpeg4 AVC High@L4.1"
SINFO:17,0,19,0,"1920x1080"
SINFO:17,0,20,0,"16:9"
SINFO:17,0,21,0,"23.976 (24000/1001)"
SINFO:17,0,22,0,"0"
SINFO:17,0,28,0,"eng"
SINFO:17,0,29,0,"English"
SINFO:17,0,30,0,"Mpeg4 AVC High@L4.1"
SINFO:17,0,31,6121,"<b>Track information</b><br>"
SINFO:17,0,33,0,"0"
SINFO:17,0,38,0,""
SINFO:17,0,42,5088,"( Lossless conversion )"
SINFO:17,1,1,6202,"Audio"
SINFO:17,1,2,5091,"Stereo"
SINFO:17,1,3,0,"eng"
SINFO:17,1,4,0,"English"
SINFO:17,1,5,0,"A_AC3"
SINFO:17,1,6,0,"DD"
SINFO:17,1,7,0,"Dolby Digital"
SINFO:17,1,13,0,"192 Kb/s"
SINFO:17,1,14,0,"2"
SINFO:17,1,17,0,"48000"
SINFO:17,1,22,0,"0"
SINFO:17,1,28,0,"eng"
SINFO:17,1,29,0,"English"
SINFO:17,1,30,0,"DD Stereo English"
SINFO:17,1,31,6121,"<b>Track information</b><br>"
SINFO:17,1,33,0,"90"
SINFO:17,1,38,0,"d"
SINFO:17,1,39,0,"Default"
SINFO:17,1,40,0,"stereo"
SINFO:17,1,42,5088,"( Lossless conversion )"
