MSG:1005,0,1,"MakeMKV v1.18.4 linux(x64-release) started","%1 started","MakeMKV v1.18.4 linux(x64-release)"
MSG:5042,0,0,"The program can't find any usable optical drives.","The program can't find any usable optical drives."
DRV:0,256,999,0,"","",""
DRV:1,256,999,0,"","",""
DRV:2,256,999,0,"","",""
DRV:3,256,999,0,"","",""
DRV:4,256,999,0,"","",""
DRV:5,256,999,0,"","",""
DRV:6,256,999,0,"","",""
DRV:7,256,999,0,"","",""
DRV:8,256,999,0,"","",""
DRV:9,256,999,0,"","",""
DRV:10,256,999,0,"","",""
DRV:11,256,999,0,"","",""
DRV:12,256,999,0,"","",""
DRV:13,256,999,0,"","",""
DRV:14,256,999,0,"","",""
DRV:15,256,999,0,"","",""
MSG:3006,131072,1,"Opening files on harddrive at file:///media/Disc-Rips/[BACKUP] THE PEOPLE VS LARRY FLYNT - 4K","Opening files on harddrive at %1","file:///media/Disc-Rips/[BACKUP] THE PEOPLE VS LARRY FLYNT - 4K"
MSG:3307,16777216,2,"File 00003.mpls was added as title #0","File %1 was added as title #%2","00003.mpls","0"
MSG:3309,0,2,"Title 00002.mpls is equal to title 00003.mpls and was skipped","Title %1 is equal to title %2 and was skipped","00002.mpls","00003.mpls"
MSG:3307,0,2,"File 00000.mpls was added as title #1","File %1 was added as title #%2","00000.mpls","1"
MSG:3307,0,2,"File 00001.mpls was added as title #2","File %1 was added as title #%2","00001.mpls","2"
MSG:3307,16777216,2,"File 00008.m2ts was added as title #3","File %1 was added as title #%2","00008.m2ts","3"
MSG:3307,16777216,2,"File 00000.m2ts was added as title #4","File %1 was added as title #%2","00000.m2ts","4"
MSG:3307,0,2,"File 00007.m2ts was added as title #5","File %1 was added as title #%2","00007.m2ts","5"
MSG:3307,0,2,"File 00147.m2ts was added as title #6","File %1 was added as title #%2","00147.m2ts","6"
MSG:5011,0,0,"Operation successfully completed","Operation successfully completed"
TCOUNT:7
CINFO:1,6209,"Blu-ray disc"
CINFO:2,0,"THE PEOPLE VS LARRY FLYNT"
CINFO:28,0,"eng"
CINFO:29,0,"English"
CINFO:30,0,"THE PEOPLE VS LARRY FLYNT"
CINFO:31,6119,"<b>Source information</b><br>"
CINFO:33,0,"0"
TINFO:0,2,0,"THE PEOPLE VS LARRY FLYNT"
TINFO:0,8,0,"12"
TINFO:0,9,0,"2:09:26"
TINFO:0,10,0,"92.1 GB"
TINFO:0,11,0,"98928556032"
TINFO:0,16,0,"00003.mpls"
TINFO:0,25,0,"1"
TINFO:0,26,0,"0"
TINFO:0,27,0,"THE PEOPLE VS LARRY FLYNT_t00.mkv"
TINFO:0,28,0,"eng"
TINFO:0,29,0,"English"
TINFO:0,30,0,"THE PEOPLE VS LARRY FLYNT - 12 chapter(s) , 92.1 GB"
TINFO:0,31,6120,"<b>Title information</b><br>"
TINFO:0,33,0,"0"
SINFO:0,0,1,6201,"Video"
SINFO:0,0,5,0,"V_MPEGH/ISO/HEVC"
SINFO:0,0,6,0,"MpegH"
SINFO:0,0,7,0,"MpegH HEVC Main10@L5.1 (dvhe.07.06 BL+MEL+RPU)"
SINFO:0,0,19,0,"3840x2160"
SINFO:0,0,20,0,"16:9"
SINFO:0,0,21,0,"23.976 (24000/1001)"
SINFO:0,0,22,0,"65536"
SINFO:0,0,28,0,"eng"
SINFO:0,0,29,0,"English"
SINFO:0,0,30,0,"MpegH HEVC Main10@L5.1 (dvhe.07.06 BL+MEL+RPU)"
SINFO:0,0,31,6121,"<b>Track information</b><br>"
SINFO:0,0,33,0,"0"
SINFO:0,0,38,0,""
SINFO:0,0,42,5088,"( Lossless conversion )"
SINFO:0,1,1,6202,"Audio"
SINFO:0,1,2,0,"Surround 5.1"
SINFO:0,1,3,0,"eng"
SINFO:0,1,4,0,"English"
SINFO:0,1,5,0,"A_DTS"
SINFO:0,1,6,0,"DTS-HD MA"
SINFO:0,1,7,0,"DTS-HD Master Audio"
SINFO:0,1,14,0,"6"
SINFO:0,1,17,0,"48000"
SINFO:0,1,18,0,"24"
SINFO:0,1,22,0,"1024"
SINFO:0,1,28,0,"eng"
SINFO:0,1,29,0,"English"
SINFO:0,1,30,0,"DTS-HD MA Surround 5.1 English"
SINFO:0,1,31,6121,"<b>Track information</b><br>"
SINFO:0,1,33,0,"90"
SINFO:0,1,38,0,"d"
SINFO:0,1,39,0,"Default"
SINFO:0,1,40,0,"5.1(side)"
SINFO:0,1,42,5088,"( Lossless conversion )"
SINFO:0,2,1,6202,"Audio"
SINFO:0,2,2,0,"Surround 5.1"
SINFO:0,2,3,0,"eng"
SINFO:0,2,4,0,"English"
SINFO:0,2,5,0,"A_DTS"
SINFO:0,2,6,0,"DTS"
SINFO:0,2,7,0,"DTS"
SINFO:0,2,13,0,"1.5 Mb/s"
SINFO:0,2,14,0,"6"
SINFO:0,2,17,0,"48000"
SINFO:0,2,22,0,"2304"
SINFO:0,2,28,0,"eng"
SINFO:0,2,29,0,"English"
SINFO:0,2,30,0,"DTS Surround 5.1 English"
SINFO:0,2,31,6121,"<b>Track information</b><br>"
SINFO:0,2,33,0,"90"
SINFO:0,2,38,0,""
SINFO:0,2,40,0,"5.1(side)"
SINFO:0,2,42,5088,"( Lossless conversion )"
SINFO:0,3,1,6202,"Audio"
SINFO:0,3,2,5091,"Stereo"
SINFO:0,3,3,0,"eng"
SINFO:0,3,4,0,"English"
SINFO:0,3,5,0,"A_PCM/INT/LIT"
SINFO:0,3,6,0,"LPCM"
SINFO:0,3,7,0,"Linear PCM"
SINFO:0,3,13,0,"36 Kb/s"
SINFO:0,3,14,0,"2"
SINFO:0,3,17,0,"48000"
SINFO:0,3,18,0,"24"
SINFO:0,3,22,0,"0"
SINFO:0,3,28,0,"eng"
SINFO:0,3,29,0,"English"
SINFO:0,3,30,0,"LPCM Stereo English"
SINFO:0,3,31,6121,"<b>Track information</b><br>"
SINFO:0,3,33,0,"90"
SINFO:0,3,34,0,"Raw LPCM audio without channel configuration metadata ( Lossless conversion )"
SINFO:0,3,35,0,"Save as raw LPCM"
SINFO:0,3,38,0,""
SINFO:0,3,40,0,"stereo"
SINFO:0,3,42,5088,"( Lossless conversion )"
SINFO:0,4,1,6202,"Audio"
SINFO:0,4,2,5091,"Stereo"
SINFO:0,4,3,0,"eng"
SINFO:0,4,4,0,"English"
SINFO:0,4,5,0,"A_AC3"
SINFO:0,4,6,0,"DD"
SINFO:0,4,7,0,"Dolby Digital"
SINFO:0,4,13,0,"192 Kb/s"
SINFO:0,4,14,0,"2"
SINFO:0,4,17,0,"48000"
SINFO:0,4,22,0,"0"
SINFO:0,4,28,0,"eng"
SINFO:0,4,29,0,"English"
SINFO:0,4,30,0,"DD Stereo English"
SINFO:0,4,31,6121,"<b>Track information</b><br>"
SINFO:0,4,33,0,"90"
SINFO:0,4,38,0,""
SINFO:0,4,40,0,"stereo"
SINFO:0,4,42,5088,"( Lossless conversion )"
SINFO:0,5,1,6202,"Audio"
SINFO:0,5,2,5091,"Stereo"
SINFO:0,5,3,0,"eng"
SINFO:0,5,4,0,"English"
SINFO:0,5,5,0,"A_AC3"
SINFO:0,5,6,0,"DD"
SINFO:0,5,7,0,"Dolby Digital"
SINFO:0,5,13,0,"192 Kb/s"
SINFO:0,5,14,0,"2"
SINFO:0,5,17,0,"48000"
SINFO:0,5,22,0,"0"
SINFO:0,5,28,0,"eng"
SINFO:0,5,29,0,"English"
SINFO:0,5,30,0,"DD Stereo English"
SINFO:0,5,31,6121,"<b>Track information</b><br>"
SINFO:0,5,33,0,"90"
SINFO:0,5,38,0,""
SINFO:0,5,40,0,"stereo"
SINFO:0,5,42,5088,"( Lossless conversion )"
SINFO:0,6,1,6203,"Subtitles"
SINFO:0,6,3,0,"eng"
SINFO:0,6,4,0,"English"
SINFO:0,6,5,0,"S_HDMV/PGS"
SINFO:0,6,6,0,"PGS"
SINFO:0,6,7,0,"HDMV PGS Subtitles"
SINFO:0,6,22,0,"0"
SINFO:0,6,28,0,"eng"
SINFO:0,6,29,0,"English"
SINFO:0,6,30,0,"PGS English"
SINFO:0,6,31,6121,"<b>Track information</b><br>"
SINFO:0,6,33,0,"90"
SINFO:0,6,38,0,""
SINFO:0,6,42,5088,"( Lossless conversion )"
SINFO:0,7,1,6203,"Subtitles"
SINFO:0,7,3,0,"eng"
SINFO:0,7,4,0,"English"
SINFO:0,7,5,0,"S_HDMV/PGS"
SINFO:0,7,6,0,"PGS"
SINFO:0,7,7,0,"HDMV PGS Subtitles"
SINFO:0,7,22,0,"6144"
SINFO:0,7,28,0,"eng"
SINFO:0,7,29,0,"English"
SINFO:0,7,30,0,"PGS English  (forced only)"
SINFO:0,7,31,6121,"<b>Track information</b><br>"
SINFO:0,7,33,0,"90"
SINFO:0,7,38,0,"d"
SINFO:0,7,39,0,"Default"
SINFO:0,7,42,5088,"( Lossless conversion )"
TINFO:1,2,0,"THE PEOPLE VS LARRY FLYNT"
TINFO:1,8,0,"1"
TINFO:1,9,0,"0:00:28"
TINFO:1,10,0,"9.5 MB"
TINFO:1,11,0,"10057728"
TINFO:1,16,0,"00000.mpls"
TINFO:1,25,0,"2"
TINFO:1,26,0,"1,2"
TINFO:1,27,0,"THE PEOPLE VS LARRY FLYNT_t01.mkv"
TINFO:1,28,0,"eng"
TINFO:1,29,0,"English"
TINFO:1,30,0,"THE PEOPLE VS LARRY FLYNT - 1 chapter(s) , 9.5 MB"
TINFO:1,31,6120,"<b>Title information</b><br>"
TINFO:1,33,0,"0"
SINFO:1,0,1,6201,"Video"
SINFO:1,0,5,0,"V_MPEG4/ISO/AVC"
SINFO:1,0,6,0,"Mpeg4"
SINFO:1,0,7,0,"Mpeg4 AVC High@L4.1"
SINFO:1,0,19,0,"1920x1080"
SINFO:1,0,20,0,"16:9"
SINFO:1,0,21,0,"23.976 (24000/1001)"
SINFO:1,0,22,0,"0"
SINFO:1,0,28,0,"eng"
SINFO:1,0,29,0,"English"
SINFO:1,0,30,0,"Mpeg4 AVC High@L4.1"
SINFO:1,0,31,6121,"<b>Track information</b><br>"
SINFO:1,0,33,0,"0"
SINFO:1,0,38,0,""
SINFO:1,0,42,5088,"( Lossless conversion )"
TINFO:2,2,0,"THE PEOPLE VS LARRY FLYNT"
TINFO:2,8,0,"1"
TINFO:2,9,0,"0:02:25"
TINFO:2,10,0,"483.6 MB"
TINFO:2,11,0,"507131904"
TINFO:2,16,0,"00001.mpls"
TINFO:2,25,0,"2"
TINFO:2,26,0,"5,6"
TINFO:2,27,0,"THE PEOPLE VS LARRY FLYNT_t02.mkv"
TINFO:2,28,0,"eng"
TINFO:2,29,0,"English"
TINFO:2,30,0,"THE PEOPLE VS LARRY FLYNT - 1 chapter(s) , 483.6 MB"
TINFO:2,31,6120,"<b>Title information</b><br>"
TINFO:2,33,0,"0"
SINFO:2,0,1,6201,"Video"
SINFO:2,0,5,0,"V_MPEG4/ISO/AVC"
SINFO:2,0,6,0,"Mpeg4"
SINFO:2,0,7,0,"Mpeg4 AVC High@L4.1"
SINFO:2,0,19,0,"1920x1080"
SINFO:2,0,20,0,"16:9"
SINFO:2,0,21,0,"23.976 (24000/1001)"
SINFO:2,0,22,0,"0"
SINFO:2,0,28,0,"eng"
SINFO:2,0,29,0,"English"
SINFO:2,0,30,0,"Mpeg4 AVC High@L4.1"
SINFO:2,0,31,6121,"<b>Track information</b><br>"
SINFO:2,0,33,0,"0"
SINFO:2,0,38,0,""
SINFO:2,0,42,5088,"( Lossless conversion )"
SINFO:2,1,1,6202,"Audio"
SINFO:2,1,2,5091,"Stereo"
SINFO:2,1,3,0,"eng"
SINFO:2,1,4,0,"English"
SINFO:2,1,5,0,"A_PCM/INT/LIT"
SINFO:2,1,6,0,"LPCM"
SINFO:2,1,7,0,"Linear PCM"
SINFO:2,1,13,0,"24 Kb/s"
SINFO:2,1,14,0,"2"
SINFO:2,1,17,0,"48000"
SINFO:2,1,18,0,"16"
SINFO:2,1,22,0,"0"
SINFO:2,1,28,0,"eng"
SINFO:2,1,29,0,"English"
SINFO:2,1,30,0,"LPCM Stereo English"
SINFO:2,1,31,6121,"<b>Track information</b><br>"
SINFO:2,1,33,0,"90"
SINFO:2,1,34,0,"Raw LPCM audio without channel configuration metadata ( Lossless conversion )"
SINFO:2,1,35,0,"Save as raw LPCM"
SINFO:2,1,38,0,"d"
SINFO:2,1,39,0,"Default"
SINFO:2,1,40,0,"stereo"
SINFO:2,1,42,5088,"( Lossless conversion )"
TINFO:3,2,0,"THE PEOPLE VS LARRY FLYNT"
TINFO:3,9,0,"0:00:01"
TINFO:3,10,0,"0.6 MB"
TINFO:3,11,0,"731136"
TINFO:3,16,0,"00008.m2ts"
TINFO:3,25,0,"1"
TINFO:3,26,0,"8"
TINFO:3,27,0,"THE PEOPLE VS LARRY FLYNT_t03.mkv"
TINFO:3,28,0,"eng"
TINFO:3,29,0,"English"
TINFO:3,30,0,"THE PEOPLE VS LARRY FLYNT , 0.6 MB"
TINFO:3,31,6120,"<b>Title information</b><br>"
TINFO:3,33,0,"0"
SINFO:3,0,1,6201,"Video"
SINFO:3,0,5,0,"V_MPEGH/ISO/HEVC"
SINFO:3,0,6,0,"MpegH"
SINFO:3,0,7,0,"MpegH HEVC Main10@L5.1 (dvhe.07.06 BL+MEL+RPU)"
SINFO:3,0,19,0,"3840x2160"
SINFO:3,0,20,0,"16:9"
SINFO:3,0,21,0,"23.976 (24000/1001)"
SINFO:3,0,22,0,"65536"
SINFO:3,0,28,0,"eng"
SINFO:3,0,29,0,"English"
SINFO:3,0,30,0,"MpegH HEVC Main10@L5.1 (dvhe.07.06 BL+MEL+RPU)"
SINFO:3,0,31,6121,"<b>Track information</b><br>"
SINFO:3,0,33,0,"0"
SINFO:3,0,38,0,""
SINFO:3,0,42,5088,"( Lossless conversion )"
SINFO:3,1,1,6202,"Audio"
SINFO:3,1,2,0,"Surround 5.1"
SINFO:3,1,3,0,"eng"
SINFO:3,1,4,0,"English"
SINFO:3,1,5,0,"A_DTS"
SINFO:3,1,6,0,"DTS-HD MA"
SINFO:3,1,7,0,"DTS-HD Master Audio"
SINFO:3,1,14,0,"6"
SINFO:3,1,17,0,"48000"
SINFO:3,1,18,0,"24"
SINFO:3,1,22,0,"1024"
SINFO:3,1,28,0,"eng"
SINFO:3,1,29,0,"English"
SINFO:3,1,30,0,"DTS-HD MA Surround 5.1 English"
SINFO:3,1,31,6121,"<b>Track information</b><br>"
SINFO:3,1,33,0,"90"
SINFO:3,1,38,0,"d"
SINFO:3,1,39,0,"Default"
SINFO:3,1,40,0,"5.1(side)"
SINFO:3,1,42,5088,"( Lossless conversion )"
SINFO:3,2,1,6202,"Audio"
SINFO:3,2,2,0,"Surround 5.1"
SINFO:3,2,3,0,"eng"
SINFO:3,2,4,0,"English"
SINFO:3,2,5,0,"A_DTS"
SINFO:3,2,6,0,"DTS"
SINFO:3,2,7,0,"DTS"
SINFO:3,2,13,0,"1.5 Mb/s"
SINFO:3,2,14,0,"6"
SINFO:3,2,17,0,"48000"
SINFO:3,2,22,0,"2304"
SINFO:3,2,28,0,"eng"
SINFO:3,2,29,0,"English"
SINFO:3,2,30,0,"DTS Surround 5.1 English"
SINFO:3,2,31,6121,"<b>Track information</b><br>"
SINFO:3,2,33,0,"90"
SINFO:3,2,38,0,""
SINFO:3,2,40,0,"5.1(side)"
SINFO:3,2,42,5088,"( Lossless conversion )"
SINFO:3,3,1,6202,"Audio"
SINFO:3,3,2,5091,"Stereo"
SINFO:3,3,3,0,"eng"
SINFO:3,3,4,0,"English"
SINFO:3,3,5,0,"A_PCM/INT/LIT"
SINFO:3,3,6,0,"LPCM"
SINFO:3,3,7,0,"Linear PCM"
SINFO:3,3,13,0,"36 Kb/s"
SINFO:3,3,14,0,"2"
SINFO:3,3,17,0,"48000"
SINFO:3,3,18,0,"24"
SINFO:3,3,22,0,"0"
SINFO:3,3,28,0,"eng"
SINFO:3,3,29,0,"English"
SINFO:3,3,30,0,"LPCM Stereo English"
SINFO:3,3,31,6121,"<b>Track information</b><br>"
SINFO:3,3,33,0,"90"
SINFO:3,3,34,0,"Raw LPCM audio without channel configuration metadata ( Lossless conversion )"
SINFO:3,3,35,0,"Save as raw LPCM"
SINFO:3,3,38,0,""
SINFO:3,3,40,0,"stereo"
SINFO:3,3,42,5088,"( Lossless conversion )"
SINFO:3,4,1,6202,"Audio"
SINFO:3,4,2,5091,"Stereo"
SINFO:3,4,3,0,"eng"
SINFO:3,4,4,0,"English"
SINFO:3,4,5,0,"A_AC3"
SINFO:3,4,6,0,"DD"
SINFO:3,4,7,0,"Dolby Digital"
SINFO:3,4,13,0,"320 Kb/s"
SINFO:3,4,14,0,"2"
SINFO:3,4,17,0,"48000"
SINFO:3,4,22,0,"0"
SINFO:3,4,28,0,"eng"
SINFO:3,4,29,0,"English"
SINFO:3,4,30,0,"DD Stereo English"
SINFO:3,4,31,6121,"<b>Track information</b><br>"
SINFO:3,4,33,0,"90"
SINFO:3,4,38,0,""
SINFO:3,4,40,0,"stereo"
SINFO:3,4,42,5088,"( Lossless conversion )"
SINFO:3,5,1,6202,"Audio"
SINFO:3,5,2,5091,"Stereo"
SINFO:3,5,3,0,"eng"
SINFO:3,5,4,0,"English"
SINFO:3,5,5,0,"A_AC3"
SINFO:3,5,6,0,"DD"
SINFO:3,5,7,0,"Dolby Digital"
SINFO:3,5,13,0,"320 Kb/s"
SINFO:3,5,14,0,"2"
SINFO:3,5,17,0,"48000"
SINFO:3,5,22,0,"0"
SINFO:3,5,28,0,"eng"
SINFO:3,5,29,0,"English"
SINFO:3,5,30,0,"DD Stereo English"
SINFO:3,5,31,6121,"<b>Track information</b><br>"
SINFO:3,5,33,0,"90"
SINFO:3,5,38,0,""
SINFO:3,5,40,0,"stereo"
SINFO:3,5,42,5088,"( Lossless conversion )"
TINFO:4,2,0,"THE PEOPLE VS LARRY FLYNT"
TINFO:4,9,0,"2:09:26"
TINFO:4,10,0,"92.1 GB"
TINFO:4,11,0,"98928556032"
TINFO:4,16,0,"00000.m2ts"
TINFO:4,25,0,"1"
TINFO:4,26,0,"0"
TINFO:4,27,0,"THE PEOPLE VS LARRY FLYNT_t04.mkv"
TINFO:4,28,0,"eng"
TINFO:4,29,0,"English"
TINFO:4,30,0,"THE PEOPLE VS LARRY FLYNT , 92.1 GB"
TINFO:4,31,6120,"<b>Title information</b><br>"
TINFO:4,33,0,"0"
SINFO:4,0,1,6201,"Video"
SINFO:4,0,5,0,"V_MPEGH/ISO/HEVC"
SINFO:4,0,6,0,"MpegH"
SINFO:4,0,7,0,"MpegH HEVC Main10@L5.1 (dvhe.07.06 BL+MEL+RPU)"
SINFO:4,0,19,0,"3840x2160"
SINFO:4,0,20,0,"16:9"
SINFO:4,0,21,0,"23.976 (24000/1001)"
SINFO:4,0,22,0,"65536"
SINFO:4,0,28,0,"eng"
SINFO:4,0,29,0,"English"
SINFO:4,0,30,0,"MpegH HEVC Main10@L5.1 (dvhe.07.06 BL+MEL+RPU)"
SINFO:4,0,31,6121,"<b>Track information</b><br>"
SINFO:4,0,33,0,"0"
SINFO:4,0,38,0,""
SINFO:4,0,42,5088,"( Lossless conversion )"
SINFO:4,1,1,6202,"Audio"
SINFO:4,1,2,0,"Surround 5.1"
SINFO:4,1,3,0,"eng"
SINFO:4,1,4,0,"English"
SINFO:4,1,5,0,"A_DTS"
SINFO:4,1,6,0,"DTS-HD MA"
SINFO:4,1,7,0,"DTS-HD Master Audio"
SINFO:4,1,14,0,"6"
SINFO:4,1,17,0,"48000"
SINFO:4,1,18,0,"24"
SINFO:4,1,22,0,"1024"
SINFO:4,1,28,0,"eng"
SINFO:4,1,29,0,"English"
SINFO:4,1,30,0,"DTS-HD MA Surround 5.1 English"
SINFO:4,1,31,6121,"<b>Track information</b><br>"
SINFO:4,1,33,0,"90"
SINFO:4,1,38,0,"d"
SINFO:4,1,39,0,"Default"
SINFO:4,1,40,0,"5.1(side)"
SINFO:4,1,42,5088,"( Lossless conversion )"
SINFO:4,2,1,6202,"Audio"
SINFO:4,2,2,0,"Surround 5.1"
SINFO:4,2,3,0,"eng"
SINFO:4,2,4,0,"English"
SINFO:4,2,5,0,"A_DTS"
SINFO:4,2,6,0,"DTS"
SINFO:4,2,7,0,"DTS"
SINFO:4,2,13,0,"1.5 Mb/s"
SINFO:4,2,14,0,"6"
SINFO:4,2,17,0,"48000"
SINFO:4,2,22,0,"2304"
SINFO:4,2,28,0,"eng"
SINFO:4,2,29,0,"English"
SINFO:4,2,30,0,"DTS Surround 5.1 English"
SINFO:4,2,31,6121,"<b>Track information</b><br>"
SINFO:4,2,33,0,"90"
SINFO:4,2,38,0,""
SINFO:4,2,40,0,"5.1(side)"
SINFO:4,2,42,5088,"( Lossless conversion )"
SINFO:4,3,1,6202,"Audio"
SINFO:4,3,2,5091,"Stereo"
SINFO:4,3,3,0,"eng"
SINFO:4,3,4,0,"English"
SINFO:4,3,5,0,"A_PCM/INT/LIT"
SINFO:4,3,6,0,"LPCM"
SINFO:4,3,7,0,"Linear PCM"
SINFO:4,3,13,0,"36 Kb/s"
SINFO:4,3,14,0,"2"
SINFO:4,3,17,0,"48000"
SINFO:4,3,18,0,"24"
SINFO:4,3,22,0,"0"
SINFO:4,3,28,0,"eng"
SINFO:4,3,29,0,"English"
SINFO:4,3,30,0,"LPCM Stereo English"
SINFO:4,3,31,6121,"<b>Track information</b><br>"
SINFO:4,3,33,0,"90"
SINFO:4,3,34,0,"Raw LPCM audio without channel configuration metadata ( Lossless conversion )"
SINFO:4,3,35,0,"Save as raw LPCM"
SINFO:4,3,38,0,""
SINFO:4,3,40,0,"stereo"
SINFO:4,3,42,5088,"( Lossless conversion )"
SINFO:4,4,1,6202,"Audio"
SINFO:4,4,2,5091,"Stereo"
SINFO:4,4,3,0,"eng"
SINFO:4,4,4,0,"English"
SINFO:4,4,5,0,"A_AC3"
SINFO:4,4,6,0,"DD"
SINFO:4,4,7,0,"Dolby Digital"
SINFO:4,4,13,0,"192 Kb/s"
SINFO:4,4,14,0,"2"
SINFO:4,4,17,0,"48000"
SINFO:4,4,22,0,"0"
SINFO:4,4,28,0,"eng"
SINFO:4,4,29,0,"English"
SINFO:4,4,30,0,"DD Stereo English"
SINFO:4,4,31,6121,"<b>Track information</b><br>"
SINFO:4,4,33,0,"90"
SINFO:4,4,38,0,""
SINFO:4,4,40,0,"stereo"
SINFO:4,4,42,5088,"( Lossless conversion )"
SINFO:4,5,1,6202,"Audio"
SINFO:4,5,2,5091,"Stereo"
SINFO:4,5,3,0,"eng"
SINFO:4,5,4,0,"English"
SINFO:4,5,5,0,"A_AC3"
SINFO:4,5,6,0,"DD"
SINFO:4,5,7,0,"Dolby Digital"
SINFO:4,5,13,0,"192 Kb/s"
SINFO:4,5,14,0,"2"
SINFO:4,5,17,0,"48000"
SINFO:4,5,22,0,"0"
SINFO:4,5,28,0,"eng"
SINFO:4,5,29,0,"English"
SINFO:4,5,30,0,"DD Stereo English"
SINFO:4,5,31,6121,"<b>Track information</b><br>"
SINFO:4,5,33,0,"90"
SINFO:4,5,38,0,""
SINFO:4,5,40,0,"stereo"
SINFO:4,5,42,5088,"( Lossless conversion )"
SINFO:4,6,1,6203,"Subtitles"
SINFO:4,6,3,0,"eng"
SINFO:4,6,4,0,"English"
SINFO:4,6,5,0,"S_HDMV/PGS"
SINFO:4,6,6,0,"PGS"
SINFO:4,6,7,0,"HDMV PGS Subtitles"
SINFO:4,6,22,0,"0"
SINFO:4,6,28,0,"eng"
SINFO:4,6,29,0,"English"
SINFO:4,6,30,0,"PGS English"
SINFO:4,6,31,6121,"<b>Track information</b><br>"
SINFO:4,6,33,0,"90"
SINFO:4,6,38,0,""
SINFO:4,6,42,5088,"( Lossless conversion )"
SINFO:4,7,1,6203,"Subtitles"
SINFO:4,7,3,0,"eng"
SINFO:4,7,4,0,"English"
SINFO:4,7,5,0,"S_HDMV/PGS"
SINFO:4,7,6,0,"PGS"
SINFO:4,7,7,0,"HDMV PGS Subtitles"
SINFO:4,7,22,0,"6144"
SINFO:4,7,28,0,"eng"
SINFO:4,7,29,0,"English"
SINFO:4,7,30,0,"PGS English  (forced only)"
SINFO:4,7,31,6121,"<b>Track information</b><br>"
SINFO:4,7,33,0,"90"
SINFO:4,7,38,0,"d"
SINFO:4,7,39,0,"Default"
SINFO:4,7,42,5088,"( Lossless conversion )"
TINFO:5,2,0,"THE PEOPLE VS LARRY FLYNT"
TINFO:5,9,0,"0:00:01"
TINFO:5,10,0,"0.9 MB"
TINFO:5,11,0,"964608"
TINFO:5,16,0,"00007.m2ts"
TINFO:5,25,0,"1"
TINFO:5,26,0,"7"
TINFO:5,27,0,"THE PEOPLE VS LARRY FLYNT_t05.mkv"
TINFO:5,28,0,"eng"
TINFO:5,29,0,"English"
TINFO:5,30,0,"THE PEOPLE VS LARRY FLYNT , 0.9 MB"
TINFO:5,31,6120,"<b>Title information</b><br>"
TINFO:5,33,0,"0"
SINFO:5,0,1,6201,"Video"
SINFO:5,0,5,0,"V_MPEGH/ISO/HEVC"
SINFO:5,0,6,0,"MpegH"
SINFO:5,0,7,0,"MpegH HEVC Main10@L5.1"
SINFO:5,0,19,0,"3840x2160"
SINFO:5,0,20,0,"16:9"
SINFO:5,0,21,0,"23.976 (23976/1000)"
SINFO:5,0,22,0,"0"
SINFO:5,0,28,0,"eng"
SINFO:5,0,29,0,"English"
SINFO:5,0,30,0,"MpegH HEVC Main10@L5.1"
SINFO:5,0,31,6121,"<b>Track information</b><br>"
SINFO:5,0,33,0,"0"
SINFO:5,0,38,0,""
SINFO:5,0,42,5088,"( Lossless conversion )"
SINFO:5,1,1,6202,"Audio"
SINFO:5,1,2,0,"Surround 5.1"
SINFO:5,1,3,0,"eng"
SINFO:5,1,4,0,"English"
SINFO:5,1,5,0,"A_DTS"
SINFO:5,1,6,0,"DTS-HD MA"
SINFO:5,1,7,0,"DTS-HD Master Audio"
SINFO:5,1,14,0,"6"
SINFO:5,1,17,0,"48000"
SINFO:5,1,18,0,"24"
SINFO:5,1,22,0,"1024"
SINFO:5,1,28,0,"eng"
SINFO:5,1,29,0,"English"
SINFO:5,1,30,0,"DTS-HD MA Surround 5.1 English"
SINFO:5,1,31,6121,"<b>Track information</b><br>"
SINFO:5,1,33,0,"90"
SINFO:5,1,38,0,"d"
SINFO:5,1,39,0,"Default"
SINFO:5,1,40,0,"5.1(side)"
SINFO:5,1,42,5088,"( Lossless conversion )"
SINFO:5,2,1,6202,"Audio"
SINFO:5,2,2,0,"Surround 5.1"
SINFO:5,2,3,0,"eng"
SINFO:5,2,4,0,"English"
SINFO:5,2,5,0,"A_DTS"
SINFO:5,2,6,0,"DTS"
SINFO:5,2,7,0,"DTS"
SINFO:5,2,13,0,"1.5 Mb/s"
SINFO:5,2,14,0,"6"
SINFO:5,2,17,0,"48000"
SINFO:5,2,22,0,"2304"
SINFO:5,2,28,0,"eng"
SINFO:5,2,29,0,"English"
SINFO:5,2,30,0,"DTS Surround 5.1 English"
SINFO:5,2,31,6121,"<b>Track information</b><br>"
SINFO:5,2,33,0,"90"
SINFO:5,2,38,0,""
SINFO:5,2,40,0,"5.1(side)"
SINFO:5,2,42,5088,"( Lossless conversion )"
SINFO:5,3,1,6202,"Audio"
SINFO:5,3,2,5091,"Stereo"
SINFO:5,3,3,0,"eng"
SINFO:5,3,4,0,"English"
SINFO:5,3,5,0,"A_PCM/INT/LIT"
SINFO:5,3,6,0,"LPCM"
SINFO:5,3,7,0,"Linear PCM"
SINFO:5,3,13,0,"36 Kb/s"
SINFO:5,3,14,0,"2"
SINFO:5,3,17,0,"48000"
SINFO:5,3,18,0,"24"
SINFO:5,3,22,0,"0"
SINFO:5,3,28,0,"eng"
SINFO:5,3,29,0,"English"
SINFO:5,3,30,0,"LPCM Stereo English"
SINFO:5,3,31,6121,"<b>Track information</b><br>"
SINFO:5,3,33,0,"90"
SINFO:5,3,34,0,"Raw LPCM audio without channel configuration metadata ( Lossless conversion )"
SINFO:5,3,35,0,"Save as raw LPCM"
SINFO:5,3,38,0,""
SINFO:5,3,40,0,"stereo"
SINFO:5,3,42,5088,"( Lossless conversion )"
SINFO:5,4,1,6202,"Audio"
SINFO:5,4,2,5091,"Stereo"
SINFO:5,4,3,0,"eng"
SINFO:5,4,4,0,"English"
SINFO:5,4,5,0,"A_AC3"
SINFO:5,4,6,0,"DD"
SINFO:5,4,7,0,"Dolby Digital"
SINFO:5,4,13,0,"320 Kb/s"
SINFO:5,4,14,0,"2"
SINFO:5,4,17,0,"48000"
SINFO:5,4,22,0,"0"
SINFO:5,4,28,0,"eng"
SINFO:5,4,29,0,"English"
SINFO:5,4,30,0,"DD Stereo English"
SINFO:5,4,31,6121,"<b>Track information</b><br>"
SINFO:5,4,33,0,"90"
SINFO:5,4,38,0,""
SINFO:5,4,40,0,"stereo"
SINFO:5,4,42,5088,"( Lossless conversion )"
SINFO:5,5,1,6202,"Audio"
SINFO:5,5,2,5091,"Stereo"
SINFO:5,5,3,0,"eng"
SINFO:5,5,4,0,"English"
SINFO:5,5,5,0,"A_PCM/INT/LIT"
SINFO:5,5,6,0,"LPCM"
SINFO:5,5,7,0,"Linear PCM"
SINFO:5,5,13,0,"36 Kb/s"
SINFO:5,5,14,0,"2"
SINFO:5,5,17,0,"48000"
SINFO:5,5,18,0,"24"
SINFO:5,5,22,0,"0"
SINFO:5,5,28,0,"eng"
SINFO:5,5,29,0,"English"
SINFO:5,5,30,0,"LPCM Stereo English"
SINFO:5,5,31,6121,"<b>Track information</b><br>"
SINFO:5,5,33,0,"90"
SINFO:5,5,34,0,"Raw LPCM audio without channel configuration metadata ( Lossless conversion )"
SINFO:5,5,35,0,"Save as raw LPCM"
SINFO:5,5,38,0,""
SINFO:5,5,40,0,"stereo"
SINFO:5,5,42,5088,"( Lossless conversion )"
SINFO:5,6,1,6203,"Subtitles"
SINFO:5,6,3,0,"eng"
SINFO:5,6,4,0,"English"
SINFO:5,6,5,0,"S_HDMV/PGS"
SINFO:5,6,6,0,"PGS"
SINFO:5,6,7,0,"HDMV PGS Subtitles"
SINFO:5,6,22,0,"0"
SINFO:5,6,28,0,"eng"
SINFO:5,6,29,0,"English"
SINFO:5,6,30,0,"PGS English"
SINFO:5,6,31,6121,"<b>Track information</b><br>"
SINFO:5,6,33,0,"90"
SINFO:5,6,38,0,""
SINFO:5,6,42,5088,"( Lossless conversion )"
SINFO:5,7,1,6203,"Subtitles"
SINFO:5,7,3,0,"eng"
SINFO:5,7,4,0,"English"
SINFO:5,7,5,0,"S_HDMV/PGS"
SINFO:5,7,6,0,"PGS"
SINFO:5,7,7,0,"HDMV PGS Subtitles"
SINFO:5,7,22,0,"6144"
SINFO:5,7,28,0,"eng"
SINFO:5,7,29,0,"English"
SINFO:5,7,30,0,"PGS English  (forced only)"
SINFO:5,7,31,6121,"<b>Track information</b><br>"
SINFO:5,7,33,0,"90"
SINFO:5,7,38,0,"d"
SINFO:5,7,39,0,"Default"
SINFO:5,7,42,5088,"( Lossless conversion )"
TINFO:6,2,0,"THE PEOPLE VS LARRY FLYNT"
TINFO:6,9,0,"0:00:01"
TINFO:6,10,0,"0.6 MB"
TINFO:6,11,0,"681984"
TINFO:6,16,0,"00147.m2ts"
TINFO:6,25,0,"1"
TINFO:6,26,0,"147"
TINFO:6,27,0,"THE PEOPLE VS LARRY FLYNT_t06.mkv"
TINFO:6,28,0,"eng"
TINFO:6,29,0,"English"
TINFO:6,30,0,"THE PEOPLE VS LARRY FLYNT , 0.6 MB"
TINFO:6,31,6120,"<b>Title information</b><br>"
TINFO:6,33,0,"0"
SINFO:6,0,1,6201,"Video"
SINFO:6,0,5,0,"V_MPEGH/ISO/HEVC"
SINFO:6,0,6,0,"MpegH"
SINFO:6,0,7,0,"MpegH HEVC Main10@L5.1 (dvhe.07.06 BL+MEL+RPU)"
SINFO:6,0,19,0,"3840x2160"
SINFO:6,0,20,0,"16:9"
SINFO:6,0,21,0,"23.976 (24000/1001)"
SINFO:6,0,22,0,"65536"
SINFO:6,0,28,0,"eng"
SINFO:6,0,29,0,"English"
SINFO:6,0,30,0,"MpegH HEVC Main10@L5.1 (dvhe.07.06 BL+MEL+RPU)"
SINFO:6,0,31,6121,"<b>Track information</b><br>"
SINFO:6,0,33,0,"0"
SINFO:6,0,38,0,""
SINFO:6,0,42,5088,"( Lossless conversion )"
SINFO:6,1,1,6202,"Audio"
SINFO:6,1,2,5091,"Stereo"
SINFO:6,1,3,0,"eng"
SINFO:6,1,4,0,"English"
SINFO:6,1,5,0,"A_PCM/INT/LIT"
SINFO:6,1,6,0,"LPCM"
SINFO:6,1,7,0,"Linear PCM"
SINFO:6,1,13,0,"36 Kb/s"
SINFO:6,1,14,0,"2"
SINFO:6,1,17,0,"48000"
SINFO:6,1,18,0,"24"
SINFO:6,1,22,0,"0"
SINFO:6,1,28,0,"eng"
SINFO:6,1,29,0,"English"
SINFO:6,1,30,0,"LPCM Stereo English"
SINFO:6,1,31,6121,"<b>Track information</b><br>"
SINFO:6,1,33,0,"90"
SINFO:6,1,34,0,"Raw LPCM audio without channel configuration metadata ( Lossless conversion )"
SINFO:6,1,35,0,"Save as raw LPCM"
SINFO:6,1,38,0,"d"
SINFO:6,1,39,0,"Default"
SINFO:6,1,40,0,"stereo"
SINFO:6,1,42,5088,"( Lossless conversion )"
SINFO:6,2,1,6202,"Audio"
SINFO:6,2,2,0,"Surround 5.1"
SINFO:6,2,3,0,"eng"
SINFO:6,2,4,0,"English"
SINFO:6,2,5,0,"A_DTS"
SINFO:6,2,6,0,"DTS-HD MA"
SINFO:6,2,7,0,"DTS-HD Master Audio"
SINFO:6,2,14,0,"6"
SINFO:6,2,17,0,"48000"
SINFO:6,2,18,0,"24"
SINFO:6,2,22,0,"1024"
SINFO:6,2,28,0,"eng"
SINFO:6,2,29,0,"English"
SINFO:6,2,30,0,"DTS-HD MA Surround 5.1 English"
SINFO:6,2,31,6121,"<b>Track information</b><br>"
SINFO:6,2,33,0,"90"
SINFO:6,2,38,0,""
SINFO:6,2,40,0,"5.1(side)"
SINFO:6,2,42,5088,"( Lossless conversion )"
SINFO:6,3,1,6202,"Audio"
SINFO:6,3,2,0,"Surround 5.1"
SINFO:6,3,3,0,"eng"
SINFO:6,3,4,0,"English"
SINFO:6,3,5,0,"A_DTS"
SINFO:6,3,6,0,"DTS"
SINFO:6,3,7,0,"DTS"
SINFO:6,3,13,0,"1.5 Mb/s"
SINFO:6,3,14,0,"6"
SINFO:6,3,17,0,"48000"
SINFO:6,3,22,0,"2304"
SINFO:6,3,28,0,"eng"
SINFO:6,3,29,0,"English"
SINFO:6,3,30,0,"DTS Surround 5.1 English"
SINFO:6,3,31,6121,"<b>Track information</b><br>"
SINFO:6,3,33,0,"90"
SINFO:6,3,38,0,""
SINFO:6,3,40,0,"5.1(side)"
SINFO:6,3,42,5088,"( Lossless conversion )"
SINFO:6,4,1,6202,"Audio"
SINFO:6,4,2,5091,"Stereo"
SINFO:6,4,3,0,"eng"
SINFO:6,4,4,0,"English"
SINFO:6,4,5,0,"A_AC3"
SINFO:6,4,6,0,"DD"
SINFO:6,4,7,0,"Dolby Digital"
SINFO:6,4,13,0,"320 Kb/s"
SINFO:6,4,14,0,"2"
SINFO:6,4,17,0,"48000"
SINFO:6,4,22,0,"0"
SINFO:6,4,28,0,"eng"
SINFO:6,4,29,0,"English"
SINFO:6,4,30,0,"DD Stereo English"
SINFO:6,4,31,6121,"<b>Track information</b><br>"
SINFO:6,4,33,0,"90"
SINFO:6,4,38,0,""
SINFO:6,4,40,0,"stereo"
SINFO:6,4,42,5088,"( Lossless conversion )"
SINFO:6,5,1,6203,"Subtitles"
SINFO:6,5,3,0,"eng"
SINFO:6,5,4,0,"English"
SINFO:6,5,5,0,"S_HDMV/PGS"
SINFO:6,5,6,0,"PGS"
SINFO:6,5,7,0,"HDMV PGS Subtitles"
SINFO:6,5,22,0,"0"
SINFO:6,5,28,0,"eng"
SINFO:6,5,29,0,"English"
SINFO:6,5,30,0,"PGS English"
SINFO:6,5,31,6121,"<b>Track information</b><br>"
SINFO:6,5,33,0,"90"
SINFO:6,5,38,0,""
SINFO:6,5,42,5088,"( Lossless conversion )"
SINFO:6,6,1,6203,"Subtitles"
SINFO:6,6,3,0,"eng"
SINFO:6,6,4,0,"English"
SINFO:6,6,5,0,"S_HDMV/PGS"
SINFO:6,6,6,0,"PGS"
SINFO:6,6,7,0,"HDMV PGS Subtitles"
SINFO:6,6,22,0,"6144"
SINFO:6,6,28,0,"eng"
SINFO:6,6,29,0,"English"
SINFO:6,6,30,0,"PGS English  (forced only)"
SINFO:6,6,31,6121,"<b>Track information</b><br>"
SINFO:6,6,33,0,"90"
SINFO:6,6,38,0,"d"
SINFO:6,6,39,0,"Default"
SINFO:6,6,42,5088,"( Lossless conversion )"
