MSG:1005,0,1,"MakeMKV v1.18.4 linux(x64-release) started","%1 started","MakeMKV v1.18.4 linux(x64-release)"
MSG:5042,0,0,"The program can't find any usable optical drives.","The program can't find any usable optical drives."
DRV:0,256,999,0,"","",""
DRV:1,256,999,0,"","",""
DRV:2,256,999,0,"","",""
DRV:3,256,999,0,"","",""
DRV:4,256,999,0,"","",""
DRV:5,256,999,0,"","",""
DRV:6,256,999,0,"","",""
DRV:7,256,999,0,"","",""
DRV:8,256,999,0,"","",""
DRV:9,256,999,0,"","",""
DRV:10,256,999,0,"","",""
DRV:11,256,999,0,"","",""
DRV:12,256,999,0,"","",""
DRV:13,256,999,0,"","",""
DRV:14,256,999,0,"","",""
DRV:15,256,999,0,"","",""
MSG:3006,131072,1,"Opening files on harddrive at file:///media/Disc-Rips/[BACKUP] TROY - DIRECTOR'S CUT (UHD) - 4K","Opening files on harddrive at %1","file:///media/Disc-Rips/[BACKUP] TROY - DIRECTOR'S CUT (UHD) - 4K"
MSG:3307,0,2,"File 00000.mpls was added as title #0","File %1 was added as title #%2","00000.mpls","0"
MSG:3307,0,2,"File 00001.mpls was added as title #1","File %1 was added as title #%2","00001.mpls","1"
MSG:3307,16777216,2,"File 00002.mpls was added as title #2","File %1 was added as title #%2","00002.mpls","2"
MSG:3307,16777216,2,"File 00005.m2ts was added as title #3","File %1 was added as title #%2","00005.m2ts","3"
MSG:3307,0,2,"File 00008.m2ts was added as title #4","File %1 was added as title #%2","00008.m2ts","4"
MSG:3307,16777216,2,"File 00006.m2ts was added as title #5","File %1 was added as title #%2","00006.m2ts","5"
MSG:3307,0,2,"File 00007.m2ts was added as title #6","File %1 was added as title #%2","00007.m2ts","6"
MSG:5011,0,0,"Operation successfully completed","Operation successfully completed"
TCOUNT:7
CINFO:1,6209,"Blu-ray disc"
CINFO:2,0,"TROY - DIRECTOR'S CUT (UHD)"
CINFO:28,0,"eng"
CINFO:29,0,"English"
CINFO:30,0,"TROY - DIRECTOR'S CUT (UHD)"
CINFO:31,6119,"<b>Source information</b><br>"
CINFO:33,0,"0"
TINFO:0,2,0,"TROY - DIRECTOR'S CUT (UHD)"
TINFO:0,8,0,"1"
TINFO:0,9,0,"0:02:13"
TINFO:0,10,0,"328.7 MB"
TINFO:0,11,0,"344696832"
TINFO:0,16,0,"00000.mpls"
TINFO:0,25,0,"2"
TINFO:0,26,0,"0,1"
TINFO:0,27,0,"TROY - DIRECTOR'S CUT (UHD)_t00.mkv"
TINFO:0,28,0,"eng"
TINFO:0,29,0,"English"
TINFO:0,30,0,"TROY - DIRECTOR'S CUT (UHD) - 1 chapter(s) , 328.7 MB"
TINFO:0,31,6120,"<b>Title information</b><br>"
TINFO:0,33,0,"0"
SINFO:0,0,1,6201,"Video"
SINFO:0,0,5,0,"V_MPEG4/ISO/AVC"
SINFO:0,0,6,0,"Mpeg4"
SINFO:0,0,7,0,"Mpeg4 AVC High@L4.1"
SINFO:0,0,19,0,"1920x1080"
SINFO:0,0,20,0,"16:9"
SINFO:0,0,21,0,"23.976 (24000/1001)"
SINFO:0,0,22,0,"0"
SINFO:0,0,28,0,"eng"
SINFO:0,0,29,0,"English"
SINFO:0,0,30,0,"Mpeg4 AVC High@L4.1"
SINFO:0,0,31,6121,"<b>Track information</b><br>"
SINFO:0,0,33,0,"0"
SINFO:0,0,38,0,""
SINFO:0,0,42,5088,"( Lossless conversion )"
SINFO:0,1,1,6202,"Audio"
SINFO:0,1,2,5091,"Stereo"
SINFO:0,1,3,0,"eng"
SINFO:0,1,4,0,"English"
SINFO:0,1,5,0,"A_PCM/INT/LIT"
SINFO:0,1,6,0,"LPCM"
SINFO:0,1,7,0,"Linear PCM"
SINFO:0,1,13,0,"24 Kb/s"
SINFO:0,1,14,0,"2"
SINFO:0,1,17,0,"48000"
SINFO:0,1,18,0,"16"
SINFO:0,1,22,0,"0"
SINFO:0,1,28,0,"eng"
SINFO:0,1,29,0,"English"
SINFO:0,1,30,0,"LPCM Stereo English"
SINFO:0,1,31,6121,"<b>Track information</b><br>"
SINFO:0,1,33,0,"90"
SINFO:0,1,34,0,"Raw LPCM audio without channel configuration metadata ( Lossless conversion )"
SINFO:0,1,35,0,"Save as raw LPCM"
SINFO:0,1,38,0,"d"
SINFO:0,1,39,0,"Default"
SINFO:0,1,40,0,"stereo"
SINFO:0,1,42,5088,"( Lossless conversion )"
TINFO:1,2,0,"TROY - DIRECTOR'S CUT (UHD)"
TINFO:1,8,0,"12"
TINFO:1,9,0,"3:16:03"
TINFO:1,10,0,"90.9 GB"
TINFO:1,11,0,"97664624640"
TINFO:1,16,0,"00001.mpls"
TINFO:1,25,0,"1"
TINFO:1,26,0,"5"
TINFO:1,27,0,"TROY - DIRECTOR'S CUT (UHD)_t01.mkv"
TINFO:1,28,0,"eng"
TINFO:1,29,0,"English"
TINFO:1,30,0,"TROY - DIRECTOR'S CUT (UHD) - 12 chapter(s) , 90.9 GB"
TINFO:1,31,6120,"<b>Title information</b><br>"
TINFO:1,33,0,"0"
SINFO:1,0,1,6201,"Video"
SINFO:1,0,5,0,"V_MPEGH/ISO/HEVC"
SINFO:1,0,6,0,"MpegH"
SINFO:1,0,7,0,"MpegH HEVC Main10@L5.1 (dvhe.07.06 BL+MEL+RPU)"
SINFO:1,0,19,0,"3840x2160"
SINFO:1,0,20,0,"16:9"
SINFO:1,0,21,0,"23.976 (24000/1001)"
SINFO:1,0,22,0,"65536"
SINFO:1,0,28,0,"eng"
SINFO:1,0,29,0,"English"
SINFO:1,0,30,0,"MpegH HEVC Main10@L5.1 (dvhe.07.06 BL+MEL+RPU)"
SINFO:1,0,31,6121,"<b>Track information</b><br>"
SINFO:1,0,33,0,"0"
SINFO:1,0,38,0,""
SINFO:1,0,42,5088,"( Lossless conversion )"
SINFO:1,1,1,6202,"Audio"
SINFO:1,1,2,0,"Surround 5.1"
SINFO:1,1,3,0,"eng"
SINFO:1,1,4,0,"English"
SINFO:1,1,5,0,"A_DTS"
SINFO:1,1,6,0,"DTS-HD MA"
SINFO:1,1,7,0,"DTS-HD Master Audio"
SINFO:1,1,14,0,"6"
SINFO:1,1,17,0,"48000"
SINFO:1,1,18,0,"24"
SINFO:1,1,22,0,"1024"
SINFO:1,1,28,0,"eng"
SINFO:1,1,29,0,"English"
SINFO:1,1,30,0,"DTS-HD MA Surround 5.1 English"
SINFO:1,1,31,6121,"<b>Track information</b><br>"
SINFO:1,1,33,0,"90"
SINFO:1,1,38,0,"d"
SINFO:1,1,39,0,"Default"
SINFO:1,1,40,0,"5.1(side)"
SINFO:1,1,42,5088,"( Lossless conversion )"
SINFO:1,2,1,6202,"Audio"
SINFO:1,2,2,0,"Surround 5.1"
SINFO:1,2,3,0,"eng"
SINFO:1,2,4,0,"English"
SINFO:1,2,5,0,"A_DTS"
SINFO:1,2,6,0,"DTS"
SINFO:1,2,7,0,"DTS"
SINFO:1,2,13,0,"1.5 Mb/s"
SINFO:1,2,14,0,"6"
SINFO:1,2,17,0,"48000"
SINFO:1,2,22,0,"2304"
SINFO:1,2,28,0,"eng"
SINFO:1,2,29,0,"English"
SINFO:1,2,30,0,"DTS Surround 5.1 English"
SINFO:1,2,31,6121,"<b>Track information</b><br>"
SINFO:1,2,33,0,"90"
SINFO:1,2,38,0,""
SINFO:1,2,40,0,"5.1(side)"
SINFO:1,2,42,5088,"( Lossless conversion )"
SINFO:1,3,1,6202,"Audio"
SINFO:1,3,2,5091,"Stereo"
SINFO:1,3,3,0,"eng"
SINFO:1,3,4,0,"English"
SINFO:1,3,5,0,"A_PCM/INT/LIT"
SINFO:1,3,6,0,"LPCM"
SINFO:1,3,7,0,"Linear PCM"
SINFO:1,3,13,0,"24 Kb/s"
SINFO:1,3,14,0,"2"
SINFO:1,3,17,0,"48000"
SINFO:1,3,18,0,"16"
SINFO:1,3,22,0,"0"
SINFO:1,3,28,0,"eng"
SINFO:1,3,29,0,"English"
SINFO:1,3,30,0,"LPCM Stereo English"
SINFO:1,3,31,6121,"<b>Track information</b><br>"
SINFO:1,3,33,0,"90"
SINFO:1,3,34,0,"Raw LPCM audio without channel configuration metadata ( Lossless conversion )"
SINFO:1,3,35,0,"Save as raw LPCM"
SINFO:1,3,38,0,""
SINFO:1,3,40,0,"stereo"
SINFO:1,3,42,5088,"( Lossless conversion )"
SINFO:1,4,1,6203,"Subtitles"
SINFO:1,4,3,0,"eng"
SINFO:1,4,4,0,"English"
SINFO:1,4,5,0,"S_HDMV/PGS"
SINFO:1,4,6,0,"PGS"
SINFO:1,4,7,0,"HDMV PGS Subtitles"
SINFO:1,4,22,0,"0"
SINFO:1,4,28,0,"eng"
SINFO:1,4,29,0,"English"
SINFO:1,4,30,0,"PGS English"
SINFO:1,4,31,6121,"<b>Track information</b><br>"
SINFO:1,4,33,0,"90"
SINFO:1,4,38,0,""
SINFO:1,4,42,5088,"( Lossless conversion )"
SINFO:1,5,1,6203,"Subtitles"
SINFO:1,5,3,0,"eng"
SINFO:1,5,4,0,"English"
SINFO:1,5,5,0,"S_HDMV/PGS"
SINFO:1,5,6,0,"PGS"
SINFO:1,5,7,0,"HDMV PGS Subtitles"
SINFO:1,5,22,0,"6144"
SINFO:1,5,28,0,"eng"
SINFO:1,5,29,0,"English"
SINFO:1,5,30,0,"PGS English  (forced only)"
SINFO:1,5,31,6121,"<b>Track information</b><br>"
SINFO:1,5,33,0,"90"
SINFO:1,5,38,0,"d"
SINFO:1,5,39,0,"Default"
SINFO:1,5,42,5088,"( Lossless conversion )"
TINFO:2,2,0,"TROY - DIRECTOR'S CUT (UHD)"
TINFO:2,8,0,"1"
TINFO:2,9,0,"0:00:28"
TINFO:2,10,0,"9.4 MB"
TINFO:2,11,0,"9891840"
TINFO:2,16,0,"00002.mpls"
TINFO:2,25,0,"2"
TINFO:2,26,0,"3,4"
TINFO:2,27,0,"TROY - DIRECTOR'S CUT (UHD)_t02.mkv"
TINFO:2,28,0,"eng"
TINFO:2,29,0,"English"
TINFO:2,30,0,"TROY - DIRECTOR'S CUT (UHD) - 1 chapter(s) , 9.4 MB"
TINFO:2,31,6120,"<b>Title information</b><br>"
TINFO:2,33,0,"0"
SINFO:2,0,1,6201,"Video"
SINFO:2,0,5,0,"V_MPEG4/ISO/AVC"
SINFO:2,0,6,0,"Mpeg4"
SINFO:2,0,7,0,"Mpeg4 AVC High@L4.1"
SINFO:2,0,19,0,"1920x1080"
SINFO:2,0,20,0,"16:9"
SINFO:2,0,21,0,"23.976 (24000/1001)"
SINFO:2,0,22,0,"0"
SINFO:2,0,28,0,"eng"
SINFO:2,0,29,0,"English"
SINFO:2,0,30,0,"Mpeg4 AVC High@L4.1"
SINFO:2,0,31,6121,"<b>Track information</b><br>"
SINFO:2,0,33,0,"0"
SINFO:2,0,38,0,""
SINFO:2,0,42,5088,"( Lossless conversion )"
TINFO:3,2,0,"TROY - DIRECTOR'S CUT (UHD)"
TINFO:3,9,0,"3:16:03"
TINFO:3,10,0,"90.9 GB"
TINFO:3,11,0,"97664624640"
TINFO:3,16,0,"00005.m2ts"
TINFO:3,25,0,"1"
TINFO:3,26,0,"5"
TINFO:3,27,0,"TROY - DIRECTOR'S CUT (UHD)_t03.mkv"
TINFO:3,28,0,"eng"
TINFO:3,29,0,"English"
TINFO:3,30,0,"TROY - DIRECTOR'S CUT (UHD) , 90.9 GB"
TINFO:3,31,6120,"<b>Title information</b><br>"
TINFO:3,33,0,"0"
SINFO:3,0,1,6201,"Video"
SINFO:3,0,5,0,"V_MPEGH/ISO/HEVC"
SINFO:3,0,6,0,"MpegH"
SINFO:3,0,7,0,"MpegH HEVC Main10@L5.1 (dvhe.07.06 BL+MEL+RPU)"
SINFO:3,0,19,0,"3840x2160"
SINFO:3,0,20,0,"16:9"
SINFO:3,0,21,0,"23.976 (24000/1001)"
SINFO:3,0,22,0,"65536"
SINFO:3,0,28,0,"eng"
SINFO:3,0,29,0,"English"
SINFO:3,0,30,0,"MpegH HEVC Main10@L5.1 (dvhe.07.06 BL+MEL+RPU)"
SINFO:3,0,31,6121,"<b>Track information</b><br>"
SINFO:3,0,33,0,"0"
SINFO:3,0,38,0,""
SINFO:3,0,42,5088,"( Lossless conversion )"
SINFO:3,1,1,6202,"Audio"
SINFO:3,1,2,0,"Surround 5.1"
SINFO:3,1,3,0,"eng"
SINFO:3,1,4,0,"English"
SINFO:3,1,5,0,"A_DTS"
SINFO:3,1,6,0,"DTS-HD MA"
SINFO:3,1,7,0,"DTS-HD Master Audio"
SINFO:3,1,14,0,"6"
SINFO:3,1,17,0,"48000"
SINFO:3,1,18,0,"24"
SINFO:3,1,22,0,"1024"
SINFO:3,1,28,0,"eng"
SINFO:3,1,29,0,"English"
SINFO:3,1,30,0,"DTS-HD MA Surround 5.1 English"
SINFO:3,1,31,6121,"<b>Track information</b><br>"
SINFO:3,1,33,0,"90"
SINFO:3,1,38,0,"d"
SINFO:3,1,39,0,"Default"
SINFO:3,1,40,0,"5.1(side)"
SINFO:3,1,42,5088,"( Lossless conversion )"
SINFO:3,2,1,6202,"Audio"
SINFO:3,2,2,0,"Surround 5.1"
SINFO:3,2,3,0,"eng"
SINFO:3,2,4,0,"English"
SINFO:3,2,5,0,"A_DTS"
SINFO:3,2,6,0,"DTS"
SINFO:3,2,7,0,"DTS"
SINFO:3,2,13,0,"1.5 Mb/s"
SINFO:3,2,14,0,"6"
SINFO:3,2,17,0,"48000"
SINFO:3,2,22,0,"2304"
SINFO:3,2,28,0,"eng"
SINFO:3,2,29,0,"English"
SINFO:3,2,30,0,"DTS Surround 5.1 English"
SINFO:3,2,31,6121,"<b>Track information</b><br>"
SINFO:3,2,33,0,"90"
SINFO:3,2,38,0,""
SINFO:3,2,40,0,"5.1(side)"
SINFO:3,2,42,5088,"( Lossless conversion )"
SINFO:3,3,1,6202,"Audio"
SINFO:3,3,2,5091,"Stereo"
SINFO:3,3,3,0,"eng"
SINFO:3,3,4,0,"English"
SINFO:3,3,5,0,"A_PCM/INT/LIT"
SINFO:3,3,6,0,"LPCM"
SINFO:3,3,7,0,"Linear PCM"
SINFO:3,3,13,0,"24 Kb/s"
SINFO:3,3,14,0,"2"
SINFO:3,3,17,0,"48000"
SINFO:3,3,18,0,"16"
SINFO:3,3,22,0,"0"
SINFO:3,3,28,0,"eng"
SINFO:3,3,29,0,"English"
SINFO:3,3,30,0,"LPCM Stereo English"
SINFO:3,3,31,6121,"<b>Track information</b><br>"
SINFO:3,3,33,0,"90"
SINFO:3,3,34,0,"Raw LPCM audio without channel configuration metadata ( Lossless conversion )"
SINFO:3,3,35,0,"Save as raw LPCM"
SINFO:3,3,38,0,""
SINFO:3,3,40,0,"stereo"
SINFO:3,3,42,5088,"( Lossless conversion )"
SINFO:3,4,1,6203,"Subtitles"
SINFO:3,4,3,0,"eng"
SINFO:3,4,4,0,"English"
SINFO:3,4,5,0,"S_HDMV/PGS"
SINFO:3,4,6,0,"PGS"
SINFO:3,4,7,0,"HDMV PGS Subtitles"
SINFO:3,4,22,0,"0"
SINFO:3,4,28,0,"eng"
SINFO:3,4,29,0,"English"
SINFO:3,4,30,0,"PGS English"
SINFO:3,4,31,6121,"<b>Track information</b><br>"
SINFO:3,4,33,0,"90"
SINFO:3,4,38,0,""
SINFO:3,4,42,5088,"( Lossless conversion )"
SINFO:3,5,1,6203,"Subtitles"
SINFO:3,5,3,0,"eng"
SINFO:3,5,4,0,"English"
SINFO:3,5,5,0,"S_HDMV/PGS"
SINFO:3,5,6,0,"PGS"
SINFO:3,5,7,0,"HDMV PGS Subtitles"
SINFO:3,5,22,0,"6144"
SINFO:3,5,28,0,"eng"
SINFO:3,5,29,0,"English"
SINFO:3,5,30,0,"PGS English  (forced only)"
SINFO:3,5,31,6121,"<b>Track information</b><br>"
SINFO:3,5,33,0,"90"
SINFO:3,5,38,0,"d"
SINFO:3,5,39,0,"Default"
SINFO:3,5,42,5088,"( Lossless conversion )"
TINFO:4,2,0,"TROY - DIRECTOR'S CUT (UHD)"
TINFO:4,9,0,"0:00:01"
TINFO:4,10,0,"0.0 MB"
TINFO:4,11,0,"30720"
TINFO:4,16,0,"00008.m2ts"
TINFO:4,25,0,"1"
TINFO:4,26,0,"8"
TINFO:4,27,0,"TROY - DIRECTOR'S CUT (UHD)_t04.mkv"
TINFO:4,28,0,"eng"
TINFO:4,29,0,"English"
TINFO:4,30,0,"TROY - DIRECTOR'S CUT (UHD) , 0.0 MB"
TINFO:4,31,6120,"<b>Title information</b><br>"
TINFO:4,33,0,"0"
SINFO:4,0,1,6201,"Video"
SINFO:4,0,5,0,"V_MPEGH/ISO/HEVC"
SINFO:4,0,6,0,"MpegH"
SINFO:4,0,7,0,"MpegH HEVC Main10@L5.1 (dvhe.07.06 BL+MEL+RPU)"
SINFO:4,0,19,0,"3840x2160"
SINFO:4,0,20,0,"16:9"
SINFO:4,0,21,0,"23.976 (24000/1001)"
SINFO:4,0,22,0,"65536"
SINFO:4,0,28,0,"eng"
SINFO:4,0,29,0,"English"
SINFO:4,0,30,0,"MpegH HEVC Main10@L5.1 (dvhe.07.06 BL+MEL+RPU)"
SINFO:4,0,31,6121,"<b>Track information</b><br>"
SINFO:4,0,33,0,"0"
SINFO:4,0,38,0,""
SINFO:4,0,42,5088,"( Lossless conversion )"
TINFO:5,2,0,"TROY - DIRECTOR'S CUT (UHD)"
TINFO:5,9,0,"0:02:30"
TINFO:5,10,0,"343.0 MB"
TINFO:5,11,0,"359675904"
TINFO:5,16,0,"00006.m2ts"
TINFO:5,25,0,"1"
TINFO:5,26,0,"6"
TINFO:5,27,0,"TROY - DIRECTOR'S CUT (UHD)_t05.mkv"
TINFO:5,28,0,"eng"
TINFO:5,29,0,"English"
TINFO:5,30,0,"TROY - DIRECTOR'S CUT (UHD) , 343.0 MB"
TINFO:5,31,6120,"<b>Title information</b><br>"
TINFO:5,33,0,"0"
SINFO:5,0,1,6201,"Video"
SINFO:5,0,5,0,"V_MPEG4/ISO/AVC"
SINFO:5,0,6,0,"Mpeg4"
SINFO:5,0,7,0,"Mpeg4 AVC High@L4.1"
SINFO:5,0,19,0,"1920x1080"
SINFO:5,0,20,0,"16:9"
SINFO:5,0,21,0,"23.976 (24000/1001)"
SINFO:5,0,22,0,"0"
SINFO:5,0,28,0,"eng"
SINFO:5,0,29,0,"English"
SINFO:5,0,30,0,"Mpeg4 AVC High@L4.1"
SINFO:5,0,31,6121,"<b>Track information</b><br>"
SINFO:5,0,33,0,"0"
SINFO:5,0,38,0,""
SINFO:5,0,42,5088,"( Lossless conversion )"
SINFO:5,1,1,6202,"Audio"
SINFO:5,1,2,5091,"Stereo"
SINFO:5,1,3,0,"eng"
SINFO:5,1,4,0,"English"
SINFO:5,1,5,0,"A_AC3"
SINFO:5,1,6,0,"DD"
SINFO:5,1,7,0,"Dolby Digital"
SINFO:5,1,13,0,"192 Kb/s"
SINFO:5,1,14,0,"2"
SINFO:5,1,17,0,"48000"
SINFO:5,1,22,0,"0"
SINFO:5,1,28,0,"eng"
SINFO:5,1,29,0,"English"
SINFO:5,1,30,0,"DD Stereo English"
SINFO:5,1,31,6121,"<b>Track information</b><br>"
SINFO:5,1,33,0,"90"
SINFO:5,1,38,0,"d"
SINFO:5,1,39,0,"Default"
SINFO:5,1,40,0,"stereo"
SINFO:5,1,42,5088,"( Lossless conversion )"
TINFO:6,2,0,"TROY - DIRECTOR'S CUT (UHD)"
TINFO:6,9,0,"0:00:01"
TINFO:6,10,0,"0.0 MB"
TINFO:6,11,0,"18432"
TINFO:6,16,0,"00007.m2ts"
TINFO:6,25,0,"1"
TINFO:6,26,0,"7"
TINFO:6,27,0,"TROY - DIRECTOR'S CUT (UHD)_t06.mkv"
TINFO:6,28,0,"eng"
TINFO:6,29,0,"English"
TINFO:6,30,0,"TROY - DIRECTOR'S CUT (UHD) , 0.0 MB"
TINFO:6,31,6120,"<b>Title information</b><br>"
TINFO:6,33,0,"0"
SINFO:6,0,1,6201,"Video"
SINFO:6,0,5,0,"V_MPEG4/ISO/AVC"
SINFO:6,0,6,0,"Mpeg4"
SINFO:6,0,7,0,"Mpeg4 AVC High@L4.1"
SINFO:6,0,19,0,"1920x1080"
SINFO:6,0,20,0,"16:9"
SINFO:6,0,21,0,"23.976 (24000/1001)"
SINFO:6,0,22,0,"0"
SINFO:6,0,28,0,"eng"
SINFO:6,0,29,0,"English"
SINFO:6,0,30,0,"Mpeg4 AVC High@L4.1"
SINFO:6,0,31,6121,"<b>Track information</b><br>"
SINFO:6,0,33,0,"0"
SINFO:6,0,38,0,""
SINFO:6,0,42,5088,"( Lossless conversion )"
